Component: ARM Compiler 5.06 update 6 (build 750) Tool: armlink [4d35ed]

==============================================================================

Section Cross References

    startup_stm32f103xe.o(RESET) refers to startup_stm32f103xe.o(STACK) for __initial_sp
    startup_stm32f103xe.o(RESET) refers to startup_stm32f103xe.o(.text) for Reset_Handler
    startup_stm32f103xe.o(RESET) refers to usart.o(i.USART1_IRQHandler) for USART1_IRQHandler
    startup_stm32f103xe.o(.text) refers to entry.o(.ARM.Collect$$$$00000000) for __main
    main.o(i.ATH_humidity) refers to aht10.o(i.JH_Init) for JH_Init
    main.o(i.ATH_humidity) refers to delay.o(i.delay_ms) for delay_ms
    main.o(i.ATH_humidity) refers to aht10.o(i.JH_Read_Cal_Enable) for JH_Read_Cal_Enable
    main.o(i.ATH_humidity) refers to aht10.o(i.JH_Read_CTdata) for JH_Read_CTdata
    main.o(i.ATH_humidity) refers to main.o(.data) for CT_data
    main.o(i.Motor1_Dir) refers to sys.o(i.sys_gpio_pin_set) for sys_gpio_pin_set
    main.o(i.Motor1_OutPut) refers to sys.o(i.sys_gpio_pin_set) for sys_gpio_pin_set
    main.o(i.Motor1_turnoff) refers to main.o(i.Motor1_Dir) for Motor1_Dir
    main.o(i.Motor1_turnoff) refers to main.o(i.Motor1_OutPut) for Motor1_OutPut
    main.o(i.Motor1_turnoff) refers to main.o(i.delay) for delay
    main.o(i.Motor1_turnon) refers to main.o(i.Motor1_Dir) for Motor1_Dir
    main.o(i.Motor1_turnon) refers to main.o(i.Motor1_OutPut) for Motor1_OutPut
    main.o(i.Motor1_turnon) refers to main.o(i.delay) for delay
    main.o(i.Motor2_Dir) refers to sys.o(i.sys_gpio_pin_set) for sys_gpio_pin_set
    main.o(i.Motor2_OutPut) refers to sys.o(i.sys_gpio_pin_set) for sys_gpio_pin_set
    main.o(i.Motor2_turnoff) refers to main.o(i.Motor2_Dir) for Motor2_Dir
    main.o(i.Motor2_turnoff) refers to main.o(i.Motor2_OutPut) for Motor2_OutPut
    main.o(i.Motor2_turnoff) refers to main.o(i.delay) for delay
    main.o(i.Motor2_turnon) refers to main.o(i.Motor2_Dir) for Motor2_Dir
    main.o(i.Motor2_turnon) refers to main.o(i.Motor2_OutPut) for Motor2_OutPut
    main.o(i.Motor2_turnon) refers to main.o(i.delay) for delay
    main.o(i.Motor_Init) refers to sys.o(i.sys_gpio_set) for sys_gpio_set
    main.o(i.main) refers to sys.o(i.sys_stm32_clock_init) for sys_stm32_clock_init
    main.o(i.main) refers to led.o(i.led_init) for led_init
    main.o(i.main) refers to delay.o(i.delay_init) for delay_init
    main.o(i.main) refers to hc595.o(i.HC595_Init) for HC595_Init
    main.o(i.main) refers to adc.o(i.adc_init) for adc_init
    main.o(i.main) refers to main.o(i.Motor_Init) for Motor_Init
    main.o(i.main) refers to sys.o(i.sys_gpio_pin_set) for sys_gpio_pin_set
    main.o(i.main) refers to ffltui.o(.text) for __aeabi_ui2f
    main.o(i.main) refers to f2d.o(.text) for __aeabi_f2d
    main.o(i.main) refers to dmul.o(.text) for __aeabi_dmul
    main.o(i.main) refers to d2f.o(.text) for __aeabi_d2f
    main.o(i.main) refers to main.o(i.ATH_humidity) for ATH_humidity
    main.o(i.main) refers to hc595.o(i.HC595_Display) for HC595_Display
    main.o(i.main) refers to main.o(.data) for b
    system_stm32f10x.o(i.SetSysClock) refers to system_stm32f10x.o(i.SetSysClockTo72) for SetSysClockTo72
    system_stm32f10x.o(i.SystemCoreClockUpdate) refers to system_stm32f10x.o(.data) for SystemCoreClock
    system_stm32f10x.o(i.SystemInit) refers to system_stm32f10x.o(i.SetSysClock) for SetSysClock
    delay.o(i.delay_init) refers to delay.o(.data) for g_fac_us
    delay.o(i.delay_ms) refers to delay.o(i.delay_us) for delay_us
    delay.o(i.delay_us) refers to delay.o(.data) for g_fac_us
    sys.o(i.sys_nvic_init) refers to sys.o(i.sys_nvic_priority_group_config) for sys_nvic_priority_group_config
    sys.o(i.sys_standby) refers to sys.o(i.sys_wfi_set) for sys_wfi_set
    sys.o(i.sys_stm32_clock_init) refers to sys.o(i.sys_clock_set) for sys_clock_set
    sys.o(i.sys_stm32_clock_init) refers to sys.o(i.sys_nvic_set_vector_table) for sys_nvic_set_vector_table
    usart.o(i.USART1_IRQHandler) refers to usart.o(.data) for g_usart_rx_sta
    usart.o(i.USART1_IRQHandler) refers to usart.o(.bss) for g_usart_rx_buf
    usart.o(i.usart_init) refers to sys.o(i.sys_gpio_set) for sys_gpio_set
    usart.o(i.usart_init) refers to sys.o(i.sys_nvic_init) for sys_nvic_init
    led.o(i.led_init) refers to sys.o(i.sys_gpio_set) for sys_gpio_set
    led.o(i.led_init) refers to sys.o(i.sys_gpio_pin_set) for sys_gpio_pin_set
    lcd.o(i.lcd_clear) refers to lcd.o(i.lcd_set_cursor) for lcd_set_cursor
    lcd.o(i.lcd_clear) refers to lcd.o(.bss) for lcddev
    lcd.o(i.lcd_color_fill) refers to lcd.o(i.lcd_set_cursor) for lcd_set_cursor
    lcd.o(i.lcd_color_fill) refers to lcd.o(.bss) for lcddev
    lcd.o(i.lcd_display_dir) refers to lcd.o(i.lcd_scan_dir) for lcd_scan_dir
    lcd.o(i.lcd_display_dir) refers to lcd.o(.bss) for lcddev
    lcd.o(i.lcd_display_off) refers to lcd.o(.bss) for lcddev
    lcd.o(i.lcd_display_on) refers to lcd.o(.bss) for lcddev
    lcd.o(i.lcd_draw_circle) refers to lcd.o(i.lcd_draw_point) for lcd_draw_point
    lcd.o(i.lcd_draw_hline) refers to lcd.o(i.lcd_fill) for lcd_fill
    lcd.o(i.lcd_draw_hline) refers to lcd.o(.bss) for lcddev
    lcd.o(i.lcd_draw_line) refers to lcd.o(i.lcd_draw_point) for lcd_draw_point
    lcd.o(i.lcd_draw_point) refers to lcd.o(i.lcd_set_cursor) for lcd_set_cursor
    lcd.o(i.lcd_draw_point) refers to lcd.o(.bss) for lcddev
    lcd.o(i.lcd_draw_rectangle) refers to lcd.o(i.lcd_draw_line) for lcd_draw_line
    lcd.o(i.lcd_ex_ili9341_reginit) refers to lcd.o(i.lcd_wr_xdata) for lcd_wr_xdata
    lcd.o(i.lcd_ex_ili9341_reginit) refers to delay.o(i.delay_ms) for delay_ms
    lcd.o(i.lcd_ex_ili9806_reginit) refers to lcd.o(i.lcd_wr_xdata) for lcd_wr_xdata
    lcd.o(i.lcd_ex_ili9806_reginit) refers to delay.o(i.delay_ms) for delay_ms
    lcd.o(i.lcd_ex_nt35310_reginit) refers to lcd.o(i.lcd_wr_xdata) for lcd_wr_xdata
    lcd.o(i.lcd_ex_nt35310_reginit) refers to delay.o(i.delay_ms) for delay_ms
    lcd.o(i.lcd_ex_nt35510_reginit) refers to lcd.o(i.lcd_write_reg) for lcd_write_reg
    lcd.o(i.lcd_ex_nt35510_reginit) refers to delay.o(i.delay_us) for delay_us
    lcd.o(i.lcd_ex_ssd1963_reginit) refers to lcd.o(i.lcd_wr_xdata) for lcd_wr_xdata
    lcd.o(i.lcd_ex_ssd1963_reginit) refers to delay.o(i.delay_us) for delay_us
    lcd.o(i.lcd_ex_ssd1963_reginit) refers to delay.o(i.delay_ms) for delay_ms
    lcd.o(i.lcd_ex_st7789_reginit) refers to delay.o(i.delay_ms) for delay_ms
    lcd.o(i.lcd_ex_st7789_reginit) refers to lcd.o(i.lcd_wr_xdata) for lcd_wr_xdata
    lcd.o(i.lcd_ex_st7796_reginit) refers to delay.o(i.delay_ms) for delay_ms
    lcd.o(i.lcd_ex_st7796_reginit) refers to lcd.o(i.lcd_wr_xdata) for lcd_wr_xdata
    lcd.o(i.lcd_fill) refers to lcd.o(i.lcd_set_cursor) for lcd_set_cursor
    lcd.o(i.lcd_fill) refers to lcd.o(.bss) for lcddev
    lcd.o(i.lcd_fill_circle) refers to lcd.o(i.lcd_draw_hline) for lcd_draw_hline
    lcd.o(i.lcd_init) refers to sys.o(i.sys_gpio_remap_set) for sys_gpio_remap_set
    lcd.o(i.lcd_init) refers to sys.o(i.sys_gpio_set) for sys_gpio_set
    lcd.o(i.lcd_init) refers to lcd.o(i.lcd_opt_delay) for lcd_opt_delay
    lcd.o(i.lcd_init) refers to lcd.o(i.lcd_rd_data) for lcd_rd_data
    lcd.o(i.lcd_init) refers to lcd.o(i.lcd_write_reg) for lcd_write_reg
    lcd.o(i.lcd_init) refers to delay.o(i.delay_ms) for delay_ms
    lcd.o(i.lcd_init) refers to lcd.o(.bss) for lcddev
    lcd.o(i.lcd_init) refers to printf5.o(i.__0printf$5) for __2printf
    lcd.o(i.lcd_init) refers to lcd.o(i.lcd_ex_st7789_reginit) for lcd_ex_st7789_reginit
    lcd.o(i.lcd_init) refers to lcd.o(i.lcd_ex_ili9341_reginit) for lcd_ex_ili9341_reginit
    lcd.o(i.lcd_init) refers to lcd.o(i.lcd_ex_nt35310_reginit) for lcd_ex_nt35310_reginit
    lcd.o(i.lcd_init) refers to lcd.o(i.lcd_ex_st7796_reginit) for lcd_ex_st7796_reginit
    lcd.o(i.lcd_init) refers to lcd.o(i.lcd_ex_nt35510_reginit) for lcd_ex_nt35510_reginit
    lcd.o(i.lcd_init) refers to lcd.o(i.lcd_ex_ili9806_reginit) for lcd_ex_ili9806_reginit
    lcd.o(i.lcd_init) refers to lcd.o(i.lcd_ex_ssd1963_reginit) for lcd_ex_ssd1963_reginit
    lcd.o(i.lcd_init) refers to lcd.o(i.lcd_ssd_backlight_set) for lcd_ssd_backlight_set
    lcd.o(i.lcd_init) refers to lcd.o(i.lcd_display_dir) for lcd_display_dir
    lcd.o(i.lcd_init) refers to sys.o(i.sys_gpio_pin_set) for sys_gpio_pin_set
    lcd.o(i.lcd_init) refers to lcd.o(i.lcd_clear) for lcd_clear
    lcd.o(i.lcd_rd_data) refers to sys.o(i.sys_gpio_set) for sys_gpio_set
    lcd.o(i.lcd_rd_data) refers to lcd.o(i.lcd_opt_delay) for lcd_opt_delay
    lcd.o(i.lcd_read_point) refers to lcd.o(i.lcd_set_cursor) for lcd_set_cursor
    lcd.o(i.lcd_read_point) refers to lcd.o(i.lcd_rd_data) for lcd_rd_data
    lcd.o(i.lcd_read_point) refers to lcd.o(.bss) for lcddev
    lcd.o(i.lcd_scan_dir) refers to lcd.o(i.lcd_write_reg) for lcd_write_reg
    lcd.o(i.lcd_scan_dir) refers to lcd.o(.bss) for lcddev
    lcd.o(i.lcd_set_cursor) refers to lcd.o(.bss) for lcddev
    lcd.o(i.lcd_set_window) refers to lcd.o(.bss) for lcddev
    lcd.o(i.lcd_show_char) refers to lcd.o(i.lcd_draw_point) for lcd_draw_point
    lcd.o(i.lcd_show_char) refers to lcd.o(.constdata) for asc2_1206
    lcd.o(i.lcd_show_char) refers to lcd.o(.data) for g_back_color
    lcd.o(i.lcd_show_char) refers to lcd.o(.bss) for lcddev
    lcd.o(i.lcd_show_num) refers to lcd.o(i.lcd_pow) for lcd_pow
    lcd.o(i.lcd_show_num) refers to lcd.o(i.lcd_show_char) for lcd_show_char
    lcd.o(i.lcd_show_string) refers to lcd.o(i.lcd_show_char) for lcd_show_char
    lcd.o(i.lcd_show_xnum) refers to lcd.o(i.lcd_pow) for lcd_pow
    lcd.o(i.lcd_show_xnum) refers to lcd.o(i.lcd_show_char) for lcd_show_char
    lcd.o(i.lcd_ssd_backlight_set) refers to dfltui.o(.text) for __aeabi_ui2d
    lcd.o(i.lcd_ssd_backlight_set) refers to dmul.o(.text) for __aeabi_dmul
    lcd.o(i.lcd_ssd_backlight_set) refers to dfixui.o(.text) for __aeabi_d2uiz
    adc.o(i.adc_get_result) refers to adc.o(i.adc_channel_set) for adc_channel_set
    adc.o(i.adc_get_result_average) refers to adc.o(i.adc_get_result) for adc_get_result
    adc.o(i.adc_get_result_average) refers to delay.o(i.delay_ms) for delay_ms
    adc.o(i.adc_init) refers to sys.o(i.sys_gpio_set) for sys_gpio_set
    adc.o(i.adc_init) refers to sys.o(i.sys_gpio_pin_set) for sys_gpio_pin_set
    key.o(i.key_init) refers to sys.o(i.sys_gpio_set) for sys_gpio_set
    key.o(i.key_scan) refers to sys.o(i.sys_gpio_pin_get) for sys_gpio_pin_get
    key.o(i.key_scan) refers to delay.o(i.delay_ms) for delay_ms
    key.o(i.key_scan) refers to key.o(.data) for key_up
    aht10.o(i.Delay_1us) refers to aht10.o(i.Delay_N10us) for Delay_N10us
    aht10.o(i.Delay_3us) refers to aht10.o(i.Delay_N10us) for Delay_N10us
    aht10.o(i.I2C_Start) refers to aht10.o(i.SDA_Pin_Output_High) for SDA_Pin_Output_High
    aht10.o(i.I2C_Start) refers to aht10.o(i.SensorDelay_us) for SensorDelay_us
    aht10.o(i.I2C_Start) refers to aht10.o(i.SCL_Pin_Output_High) for SCL_Pin_Output_High
    aht10.o(i.I2C_Start) refers to aht10.o(i.SDA_Pin_Output_Low) for SDA_Pin_Output_Low
    aht10.o(i.I2C_Start) refers to aht10.o(i.SCL_Pin_Output_Low) for SCL_Pin_Output_Low
    aht10.o(i.Init_I2C_Sensor_Port) refers to sys.o(i.sys_gpio_set) for sys_gpio_set
    aht10.o(i.JH_Init) refers to aht10.o(i.Init_I2C_Sensor_Port) for Init_I2C_Sensor_Port
    aht10.o(i.JH_Init) refers to aht10.o(i.SensorDelay_us) for SensorDelay_us
    aht10.o(i.JH_Init) refers to aht10.o(i.I2C_Start) for I2C_Start
    aht10.o(i.JH_Init) refers to aht10.o(i.ZSSC_I2C_WR_Byte) for ZSSC_I2C_WR_Byte
    aht10.o(i.JH_Init) refers to aht10.o(i.Receive_ACK) for Receive_ACK
    aht10.o(i.JH_Init) refers to aht10.o(i.Stop_I2C) for Stop_I2C
    aht10.o(i.JH_Init) refers to delay.o(i.delay_ms) for delay_ms
    aht10.o(i.JH_Init) refers to aht10.o(i.JH_Send_BA) for JH_Send_BA
    aht10.o(i.JH_Init) refers to aht10.o(i.JH_Read_Cal_Enable) for JH_Read_Cal_Enable
    aht10.o(i.JH_Read_CTdata) refers to aht10.o(i.JH_SendAC) for JH_SendAC
    aht10.o(i.JH_Read_CTdata) refers to delay.o(i.delay_ms) for delay_ms
    aht10.o(i.JH_Read_CTdata) refers to aht10.o(i.SensorDelay_us) for SensorDelay_us
    aht10.o(i.JH_Read_CTdata) refers to aht10.o(i.JH_Read_Status) for JH_Read_Status
    aht10.o(i.JH_Read_CTdata) refers to aht10.o(i.I2C_Start) for I2C_Start
    aht10.o(i.JH_Read_CTdata) refers to aht10.o(i.ZSSC_I2C_WR_Byte) for ZSSC_I2C_WR_Byte
    aht10.o(i.JH_Read_CTdata) refers to aht10.o(i.Receive_ACK) for Receive_ACK
    aht10.o(i.JH_Read_CTdata) refers to aht10.o(i.ZSSC_I2C_RD_Byte) for ZSSC_I2C_RD_Byte
    aht10.o(i.JH_Read_CTdata) refers to aht10.o(i.Send_ACK) for Send_ACK
    aht10.o(i.JH_Read_CTdata) refers to aht10.o(i.Send_NOT_ACK) for Send_NOT_ACK
    aht10.o(i.JH_Read_CTdata) refers to aht10.o(i.Stop_I2C) for Stop_I2C
    aht10.o(i.JH_Read_Cal_Enable) refers to aht10.o(i.JH_Read_Status) for JH_Read_Status
    aht10.o(i.JH_Read_Status) refers to aht10.o(i.I2C_Start) for I2C_Start
    aht10.o(i.JH_Read_Status) refers to aht10.o(i.ZSSC_I2C_WR_Byte) for ZSSC_I2C_WR_Byte
    aht10.o(i.JH_Read_Status) refers to aht10.o(i.Receive_ACK) for Receive_ACK
    aht10.o(i.JH_Read_Status) refers to aht10.o(i.ZSSC_I2C_RD_Byte) for ZSSC_I2C_RD_Byte
    aht10.o(i.JH_Read_Status) refers to aht10.o(i.Send_NOT_ACK) for Send_NOT_ACK
    aht10.o(i.JH_Read_Status) refers to aht10.o(i.Stop_I2C) for Stop_I2C
    aht10.o(i.JH_SendAC) refers to aht10.o(i.I2C_Start) for I2C_Start
    aht10.o(i.JH_SendAC) refers to aht10.o(i.ZSSC_I2C_WR_Byte) for ZSSC_I2C_WR_Byte
    aht10.o(i.JH_SendAC) refers to aht10.o(i.Receive_ACK) for Receive_ACK
    aht10.o(i.JH_SendAC) refers to aht10.o(i.Stop_I2C) for Stop_I2C
    aht10.o(i.JH_Send_BA) refers to aht10.o(i.I2C_Start) for I2C_Start
    aht10.o(i.JH_Send_BA) refers to aht10.o(i.ZSSC_I2C_WR_Byte) for ZSSC_I2C_WR_Byte
    aht10.o(i.JH_Send_BA) refers to aht10.o(i.Receive_ACK) for Receive_ACK
    aht10.o(i.JH_Send_BA) refers to aht10.o(i.Stop_I2C) for Stop_I2C
    aht10.o(i.Receive_ACK) refers to aht10.o(i.SCL_Pin_Output_Low) for SCL_Pin_Output_Low
    aht10.o(i.Receive_ACK) refers to aht10.o(i.SDA_Pin_IN_FLOATING) for SDA_Pin_IN_FLOATING
    aht10.o(i.Receive_ACK) refers to aht10.o(i.SensorDelay_us) for SensorDelay_us
    aht10.o(i.Receive_ACK) refers to aht10.o(i.SCL_Pin_Output_High) for SCL_Pin_Output_High
    aht10.o(i.Receive_ACK) refers to sys.o(i.sys_gpio_pin_get) for sys_gpio_pin_get
    aht10.o(i.SCL_Pin_Output_High) refers to sys.o(i.sys_gpio_set) for sys_gpio_set
    aht10.o(i.SCL_Pin_Output_High) refers to sys.o(i.sys_gpio_pin_set) for sys_gpio_pin_set
    aht10.o(i.SCL_Pin_Output_Low) refers to sys.o(i.sys_gpio_set) for sys_gpio_set
    aht10.o(i.SCL_Pin_Output_Low) refers to sys.o(i.sys_gpio_pin_set) for sys_gpio_pin_set
    aht10.o(i.SDA_Pin_IN_FLOATING) refers to sys.o(i.sys_gpio_set) for sys_gpio_set
    aht10.o(i.SDA_Pin_IN_FLOATING) refers to sys.o(i.sys_gpio_pin_set) for sys_gpio_pin_set
    aht10.o(i.SDA_Pin_Output_High) refers to sys.o(i.sys_gpio_set) for sys_gpio_set
    aht10.o(i.SDA_Pin_Output_High) refers to sys.o(i.sys_gpio_pin_set) for sys_gpio_pin_set
    aht10.o(i.SDA_Pin_Output_Low) refers to sys.o(i.sys_gpio_set) for sys_gpio_set
    aht10.o(i.SDA_Pin_Output_Low) refers to sys.o(i.sys_gpio_pin_set) for sys_gpio_pin_set
    aht10.o(i.Send_ACK) refers to aht10.o(i.SCL_Pin_Output_Low) for SCL_Pin_Output_Low
    aht10.o(i.Send_ACK) refers to aht10.o(i.SensorDelay_us) for SensorDelay_us
    aht10.o(i.Send_ACK) refers to aht10.o(i.SDA_Pin_Output_Low) for SDA_Pin_Output_Low
    aht10.o(i.Send_ACK) refers to aht10.o(i.SCL_Pin_Output_High) for SCL_Pin_Output_High
    aht10.o(i.Send_ACK) refers to aht10.o(i.SDA_Pin_IN_FLOATING) for SDA_Pin_IN_FLOATING
    aht10.o(i.Send_NOT_ACK) refers to aht10.o(i.SCL_Pin_Output_Low) for SCL_Pin_Output_Low
    aht10.o(i.Send_NOT_ACK) refers to aht10.o(i.SensorDelay_us) for SensorDelay_us
    aht10.o(i.Send_NOT_ACK) refers to aht10.o(i.SDA_Pin_Output_High) for SDA_Pin_Output_High
    aht10.o(i.Send_NOT_ACK) refers to aht10.o(i.SCL_Pin_Output_High) for SCL_Pin_Output_High
    aht10.o(i.Send_NOT_ACK) refers to aht10.o(i.SDA_Pin_Output_Low) for SDA_Pin_Output_Low
    aht10.o(i.SensorDelay_us) refers to aht10.o(i.Delay_N10us) for Delay_N10us
    aht10.o(i.Stop_I2C) refers to aht10.o(i.SDA_Pin_Output_Low) for SDA_Pin_Output_Low
    aht10.o(i.Stop_I2C) refers to aht10.o(i.SensorDelay_us) for SensorDelay_us
    aht10.o(i.Stop_I2C) refers to aht10.o(i.SCL_Pin_Output_High) for SCL_Pin_Output_High
    aht10.o(i.Stop_I2C) refers to aht10.o(i.SDA_Pin_Output_High) for SDA_Pin_Output_High
    aht10.o(i.ZSSC_I2C_RD_Byte) refers to aht10.o(i.SCL_Pin_Output_Low) for SCL_Pin_Output_Low
    aht10.o(i.ZSSC_I2C_RD_Byte) refers to aht10.o(i.SDA_Pin_IN_FLOATING) for SDA_Pin_IN_FLOATING
    aht10.o(i.ZSSC_I2C_RD_Byte) refers to aht10.o(i.SensorDelay_us) for SensorDelay_us
    aht10.o(i.ZSSC_I2C_RD_Byte) refers to aht10.o(i.SCL_Pin_Output_High) for SCL_Pin_Output_High
    aht10.o(i.ZSSC_I2C_RD_Byte) refers to aht10.o(i.Delay_1us) for Delay_1us
    aht10.o(i.ZSSC_I2C_RD_Byte) refers to sys.o(i.sys_gpio_pin_get) for sys_gpio_pin_get
    aht10.o(i.ZSSC_I2C_WR_Byte) refers to aht10.o(i.SCL_Pin_Output_Low) for SCL_Pin_Output_Low
    aht10.o(i.ZSSC_I2C_WR_Byte) refers to aht10.o(i.Delay_3us) for Delay_3us
    aht10.o(i.ZSSC_I2C_WR_Byte) refers to aht10.o(i.SDA_Pin_Output_High) for SDA_Pin_Output_High
    aht10.o(i.ZSSC_I2C_WR_Byte) refers to aht10.o(i.SDA_Pin_Output_Low) for SDA_Pin_Output_Low
    aht10.o(i.ZSSC_I2C_WR_Byte) refers to aht10.o(i.SCL_Pin_Output_High) for SCL_Pin_Output_High
    aht10.o(i.ZSSC_I2C_WR_Byte) refers to aht10.o(i.SensorDelay_us) for SensorDelay_us
    aht10.o(i.ZSSC_I2C_WR_Byte) refers to aht10.o(i.SDA_Pin_IN_FLOATING) for SDA_Pin_IN_FLOATING
    hc595.o(i.HC595_Display) refers to sys.o(i.sys_gpio_pin_set) for sys_gpio_pin_set
    hc595.o(i.HC595_Display) refers to delay.o(i.delay_ms) for delay_ms
    hc595.o(i.HC595_Init) refers to sys.o(i.sys_gpio_set) for sys_gpio_set
    entry.o(.ARM.Collect$$$$00000000) refers (Special) to entry10a.o(.ARM.Collect$$$$0000000D) for __rt_final_cpp
    entry.o(.ARM.Collect$$$$00000000) refers (Special) to entry11a.o(.ARM.Collect$$$$0000000F) for __rt_final_exit
    entry.o(.ARM.Collect$$$$00000000) refers (Special) to entry7b.o(.ARM.Collect$$$$00000008) for _main_clock
    entry.o(.ARM.Collect$$$$00000000) refers (Special) to entry8b.o(.ARM.Collect$$$$0000000A) for _main_cpp_init
    entry.o(.ARM.Collect$$$$00000000) refers (Special) to entry9a.o(.ARM.Collect$$$$0000000B) for _main_init
    entry.o(.ARM.Collect$$$$00000000) refers (Special) to entry5.o(.ARM.Collect$$$$00000004) for _main_scatterload
    entry.o(.ARM.Collect$$$$00000000) refers (Special) to entry2.o(.ARM.Collect$$$$00000001) for _main_stk
    printfb.o(i.__0fprintf$bare) refers to printfb.o(i._printf_core) for _printf_core
    printfb.o(i.__0fprintf$bare) refers to usart.o(i.fputc) for fputc
    printfb.o(i.__0printf$bare) refers to printfb.o(i._printf_core) for _printf_core
    printfb.o(i.__0printf$bare) refers to usart.o(i.fputc) for fputc
    printfb.o(i.__0printf$bare) refers to usart.o(.data) for __stdout
    printfb.o(i.__0snprintf$bare) refers to printfb.o(i._printf_core) for _printf_core
    printfb.o(i.__0snprintf$bare) refers to printfb.o(i._snputc) for _snputc
    printfb.o(i.__0sprintf$bare) refers to printfb.o(i._printf_core) for _printf_core
    printfb.o(i.__0sprintf$bare) refers to printfb.o(i._sputc) for _sputc
    printfb.o(i.__0vfprintf$bare) refers to printfb.o(i._printf_core) for _printf_core
    printfb.o(i.__0vfprintf$bare) refers to usart.o(i.fputc) for fputc
    printfb.o(i.__0vprintf$bare) refers to printfb.o(i._printf_core) for _printf_core
    printfb.o(i.__0vprintf$bare) refers to usart.o(i.fputc) for fputc
    printfb.o(i.__0vprintf$bare) refers to usart.o(.data) for __stdout
    printfb.o(i.__0vsnprintf$bare) refers to printfb.o(i._printf_core) for _printf_core
    printfb.o(i.__0vsnprintf$bare) refers to printfb.o(i._snputc) for _snputc
    printfb.o(i.__0vsprintf$bare) refers to printfb.o(i._printf_core) for _printf_core
    printfb.o(i.__0vsprintf$bare) refers to printfb.o(i._sputc) for _sputc
    printf0.o(i.__0fprintf$0) refers to printf0.o(i._printf_core) for _printf_core
    printf0.o(i.__0fprintf$0) refers to usart.o(i.fputc) for fputc
    printf0.o(i.__0printf$0) refers to printf0.o(i._printf_core) for _printf_core
    printf0.o(i.__0printf$0) refers to usart.o(i.fputc) for fputc
    printf0.o(i.__0printf$0) refers to usart.o(.data) for __stdout
    printf0.o(i.__0snprintf$0) refers to printf0.o(i._printf_core) for _printf_core
    printf0.o(i.__0snprintf$0) refers to printf0.o(i._snputc) for _snputc
    printf0.o(i.__0sprintf$0) refers to printf0.o(i._printf_core) for _printf_core
    printf0.o(i.__0sprintf$0) refers to printf0.o(i._sputc) for _sputc
    printf0.o(i.__0vfprintf$0) refers to printf0.o(i._printf_core) for _printf_core
    printf0.o(i.__0vfprintf$0) refers to usart.o(i.fputc) for fputc
    printf0.o(i.__0vprintf$0) refers to printf0.o(i._printf_core) for _printf_core
    printf0.o(i.__0vprintf$0) refers to usart.o(i.fputc) for fputc
    printf0.o(i.__0vprintf$0) refers to usart.o(.data) for __stdout
    printf0.o(i.__0vsnprintf$0) refers to printf0.o(i._printf_core) for _printf_core
    printf0.o(i.__0vsnprintf$0) refers to printf0.o(i._snputc) for _snputc
    printf0.o(i.__0vsprintf$0) refers to printf0.o(i._printf_core) for _printf_core
    printf0.o(i.__0vsprintf$0) refers to printf0.o(i._sputc) for _sputc
    printf1.o(i.__0fprintf$1) refers to printf1.o(i._printf_core) for _printf_core
    printf1.o(i.__0fprintf$1) refers to usart.o(i.fputc) for fputc
    printf1.o(i.__0printf$1) refers to printf1.o(i._printf_core) for _printf_core
    printf1.o(i.__0printf$1) refers to usart.o(i.fputc) for fputc
    printf1.o(i.__0printf$1) refers to usart.o(.data) for __stdout
    printf1.o(i.__0snprintf$1) refers to printf1.o(i._printf_core) for _printf_core
    printf1.o(i.__0snprintf$1) refers to printf1.o(i._snputc) for _snputc
    printf1.o(i.__0sprintf$1) refers to printf1.o(i._printf_core) for _printf_core
    printf1.o(i.__0sprintf$1) refers to printf1.o(i._sputc) for _sputc
    printf1.o(i.__0vfprintf$1) refers to printf1.o(i._printf_core) for _printf_core
    printf1.o(i.__0vfprintf$1) refers to usart.o(i.fputc) for fputc
    printf1.o(i.__0vprintf$1) refers to printf1.o(i._printf_core) for _printf_core
    printf1.o(i.__0vprintf$1) refers to usart.o(i.fputc) for fputc
    printf1.o(i.__0vprintf$1) refers to usart.o(.data) for __stdout
    printf1.o(i.__0vsnprintf$1) refers to printf1.o(i._printf_core) for _printf_core
    printf1.o(i.__0vsnprintf$1) refers to printf1.o(i._snputc) for _snputc
    printf1.o(i.__0vsprintf$1) refers to printf1.o(i._printf_core) for _printf_core
    printf1.o(i.__0vsprintf$1) refers to printf1.o(i._sputc) for _sputc
    printf1.o(i._printf_core) refers to uidiv.o(.text) for __aeabi_uidivmod
    printf2.o(i.__0fprintf$2) refers to printf2.o(i._printf_core) for _printf_core
    printf2.o(i.__0fprintf$2) refers to usart.o(i.fputc) for fputc
    printf2.o(i.__0printf$2) refers to printf2.o(i._printf_core) for _printf_core
    printf2.o(i.__0printf$2) refers to usart.o(i.fputc) for fputc
    printf2.o(i.__0printf$2) refers to usart.o(.data) for __stdout
    printf2.o(i.__0snprintf$2) refers to printf2.o(i._printf_core) for _printf_core
    printf2.o(i.__0snprintf$2) refers to printf2.o(i._snputc) for _snputc
    printf2.o(i.__0sprintf$2) refers to printf2.o(i._printf_core) for _printf_core
    printf2.o(i.__0sprintf$2) refers to printf2.o(i._sputc) for _sputc
    printf2.o(i.__0vfprintf$2) refers to printf2.o(i._printf_core) for _printf_core
    printf2.o(i.__0vfprintf$2) refers to usart.o(i.fputc) for fputc
    printf2.o(i.__0vprintf$2) refers to printf2.o(i._printf_core) for _printf_core
    printf2.o(i.__0vprintf$2) refers to usart.o(i.fputc) for fputc
    printf2.o(i.__0vprintf$2) refers to usart.o(.data) for __stdout
    printf2.o(i.__0vsnprintf$2) refers to printf2.o(i._printf_core) for _printf_core
    printf2.o(i.__0vsnprintf$2) refers to printf2.o(i._snputc) for _snputc
    printf2.o(i.__0vsprintf$2) refers to printf2.o(i._printf_core) for _printf_core
    printf2.o(i.__0vsprintf$2) refers to printf2.o(i._sputc) for _sputc
    printf3.o(i.__0fprintf$3) refers to printf3.o(i._printf_core) for _printf_core
    printf3.o(i.__0fprintf$3) refers to usart.o(i.fputc) for fputc
    printf3.o(i.__0printf$3) refers to printf3.o(i._printf_core) for _printf_core
    printf3.o(i.__0printf$3) refers to usart.o(i.fputc) for fputc
    printf3.o(i.__0printf$3) refers to usart.o(.data) for __stdout
    printf3.o(i.__0snprintf$3) refers to printf3.o(i._printf_core) for _printf_core
    printf3.o(i.__0snprintf$3) refers to printf3.o(i._snputc) for _snputc
    printf3.o(i.__0sprintf$3) refers to printf3.o(i._printf_core) for _printf_core
    printf3.o(i.__0sprintf$3) refers to printf3.o(i._sputc) for _sputc
    printf3.o(i.__0vfprintf$3) refers to printf3.o(i._printf_core) for _printf_core
    printf3.o(i.__0vfprintf$3) refers to usart.o(i.fputc) for fputc
    printf3.o(i.__0vprintf$3) refers to printf3.o(i._printf_core) for _printf_core
    printf3.o(i.__0vprintf$3) refers to usart.o(i.fputc) for fputc
    printf3.o(i.__0vprintf$3) refers to usart.o(.data) for __stdout
    printf3.o(i.__0vsnprintf$3) refers to printf3.o(i._printf_core) for _printf_core
    printf3.o(i.__0vsnprintf$3) refers to printf3.o(i._snputc) for _snputc
    printf3.o(i.__0vsprintf$3) refers to printf3.o(i._printf_core) for _printf_core
    printf3.o(i.__0vsprintf$3) refers to printf3.o(i._sputc) for _sputc
    printf3.o(i._printf_core) refers to uidiv.o(.text) for __aeabi_uidivmod
    printf4.o(i.__0fprintf$4) refers to printf4.o(i._printf_core) for _printf_core
    printf4.o(i.__0fprintf$4) refers to usart.o(i.fputc) for fputc
    printf4.o(i.__0printf$4) refers to printf4.o(i._printf_core) for _printf_core
    printf4.o(i.__0printf$4) refers to usart.o(i.fputc) for fputc
    printf4.o(i.__0printf$4) refers to usart.o(.data) for __stdout
    printf4.o(i.__0snprintf$4) refers to printf4.o(i._printf_core) for _printf_core
    printf4.o(i.__0snprintf$4) refers to printf4.o(i._snputc) for _snputc
    printf4.o(i.__0sprintf$4) refers to printf4.o(i._printf_core) for _printf_core
    printf4.o(i.__0sprintf$4) refers to printf4.o(i._sputc) for _sputc
    printf4.o(i.__0vfprintf$4) refers to printf4.o(i._printf_core) for _printf_core
    printf4.o(i.__0vfprintf$4) refers to usart.o(i.fputc) for fputc
    printf4.o(i.__0vprintf$4) refers to printf4.o(i._printf_core) for _printf_core
    printf4.o(i.__0vprintf$4) refers to usart.o(i.fputc) for fputc
    printf4.o(i.__0vprintf$4) refers to usart.o(.data) for __stdout
    printf4.o(i.__0vsnprintf$4) refers to printf4.o(i._printf_core) for _printf_core
    printf4.o(i.__0vsnprintf$4) refers to printf4.o(i._snputc) for _snputc
    printf4.o(i.__0vsprintf$4) refers to printf4.o(i._printf_core) for _printf_core
    printf4.o(i.__0vsprintf$4) refers to printf4.o(i._sputc) for _sputc
    printf4.o(i._printf_core) refers to uldiv.o(.text) for __aeabi_uldivmod
    printf5.o(i.__0fprintf$5) refers to printf5.o(i._printf_core) for _printf_core
    printf5.o(i.__0fprintf$5) refers to usart.o(i.fputc) for fputc
    printf5.o(i.__0printf$5) refers to printf5.o(i._printf_core) for _printf_core
    printf5.o(i.__0printf$5) refers to usart.o(i.fputc) for fputc
    printf5.o(i.__0printf$5) refers to usart.o(.data) for __stdout
    printf5.o(i.__0snprintf$5) refers to printf5.o(i._printf_core) for _printf_core
    printf5.o(i.__0snprintf$5) refers to printf5.o(i._snputc) for _snputc
    printf5.o(i.__0sprintf$5) refers to printf5.o(i._printf_core) for _printf_core
    printf5.o(i.__0sprintf$5) refers to printf5.o(i._sputc) for _sputc
    printf5.o(i.__0vfprintf$5) refers to printf5.o(i._printf_core) for _printf_core
    printf5.o(i.__0vfprintf$5) refers to usart.o(i.fputc) for fputc
    printf5.o(i.__0vprintf$5) refers to printf5.o(i._printf_core) for _printf_core
    printf5.o(i.__0vprintf$5) refers to usart.o(i.fputc) for fputc
    printf5.o(i.__0vprintf$5) refers to usart.o(.data) for __stdout
    printf5.o(i.__0vsnprintf$5) refers to printf5.o(i._printf_core) for _printf_core
    printf5.o(i.__0vsnprintf$5) refers to printf5.o(i._snputc) for _snputc
    printf5.o(i.__0vsprintf$5) refers to printf5.o(i._printf_core) for _printf_core
    printf5.o(i.__0vsprintf$5) refers to printf5.o(i._sputc) for _sputc
    printf5.o(i._printf_core) refers to uldiv.o(.text) for __aeabi_uldivmod
    printf6.o(i.__0fprintf$6) refers to printf6.o(i._printf_core) for _printf_core
    printf6.o(i.__0fprintf$6) refers to usart.o(i.fputc) for fputc
    printf6.o(i.__0printf$6) refers to printf6.o(i._printf_core) for _printf_core
    printf6.o(i.__0printf$6) refers to usart.o(i.fputc) for fputc
    printf6.o(i.__0printf$6) refers to usart.o(.data) for __stdout
    printf6.o(i.__0snprintf$6) refers to printf6.o(i._printf_core) for _printf_core
    printf6.o(i.__0snprintf$6) refers to printf6.o(i._snputc) for _snputc
    printf6.o(i.__0sprintf$6) refers to printf6.o(i._printf_core) for _printf_core
    printf6.o(i.__0sprintf$6) refers to printf6.o(i._sputc) for _sputc
    printf6.o(i.__0vfprintf$6) refers to printf6.o(i._printf_core) for _printf_core
    printf6.o(i.__0vfprintf$6) refers to usart.o(i.fputc) for fputc
    printf6.o(i.__0vprintf$6) refers to printf6.o(i._printf_core) for _printf_core
    printf6.o(i.__0vprintf$6) refers to usart.o(i.fputc) for fputc
    printf6.o(i.__0vprintf$6) refers to usart.o(.data) for __stdout
    printf6.o(i.__0vsnprintf$6) refers to printf6.o(i._printf_core) for _printf_core
    printf6.o(i.__0vsnprintf$6) refers to printf6.o(i._snputc) for _snputc
    printf6.o(i.__0vsprintf$6) refers to printf6.o(i._printf_core) for _printf_core
    printf6.o(i.__0vsprintf$6) refers to printf6.o(i._sputc) for _sputc
    printf6.o(i._printf_core) refers to printf6.o(i._printf_pre_padding) for _printf_pre_padding
    printf6.o(i._printf_core) refers to uidiv.o(.text) for __aeabi_uidivmod
    printf6.o(i._printf_core) refers to printf6.o(i._printf_post_padding) for _printf_post_padding
    printf7.o(i.__0fprintf$7) refers to printf7.o(i._printf_core) for _printf_core
    printf7.o(i.__0fprintf$7) refers to usart.o(i.fputc) for fputc
    printf7.o(i.__0printf$7) refers to printf7.o(i._printf_core) for _printf_core
    printf7.o(i.__0printf$7) refers to usart.o(i.fputc) for fputc
    printf7.o(i.__0printf$7) refers to usart.o(.data) for __stdout
    printf7.o(i.__0snprintf$7) refers to printf7.o(i._printf_core) for _printf_core
    printf7.o(i.__0snprintf$7) refers to printf7.o(i._snputc) for _snputc
    printf7.o(i.__0sprintf$7) refers to printf7.o(i._printf_core) for _printf_core
    printf7.o(i.__0sprintf$7) refers to printf7.o(i._sputc) for _sputc
    printf7.o(i.__0vfprintf$7) refers to printf7.o(i._printf_core) for _printf_core
    printf7.o(i.__0vfprintf$7) refers to usart.o(i.fputc) for fputc
    printf7.o(i.__0vprintf$7) refers to printf7.o(i._printf_core) for _printf_core
    printf7.o(i.__0vprintf$7) refers to usart.o(i.fputc) for fputc
    printf7.o(i.__0vprintf$7) refers to usart.o(.data) for __stdout
    printf7.o(i.__0vsnprintf$7) refers to printf7.o(i._printf_core) for _printf_core
    printf7.o(i.__0vsnprintf$7) refers to printf7.o(i._snputc) for _snputc
    printf7.o(i.__0vsprintf$7) refers to printf7.o(i._printf_core) for _printf_core
    printf7.o(i.__0vsprintf$7) refers to printf7.o(i._sputc) for _sputc
    printf7.o(i._printf_core) refers to printf7.o(i._printf_pre_padding) for _printf_pre_padding
    printf7.o(i._printf_core) refers to uldiv.o(.text) for __aeabi_uldivmod
    printf7.o(i._printf_core) refers to printf7.o(i._printf_post_padding) for _printf_post_padding
    printf8.o(i.__0fprintf$8) refers to printf8.o(i._printf_core) for _printf_core
    printf8.o(i.__0fprintf$8) refers to usart.o(i.fputc) for fputc
    printf8.o(i.__0printf$8) refers to printf8.o(i._printf_core) for _printf_core
    printf8.o(i.__0printf$8) refers to usart.o(i.fputc) for fputc
    printf8.o(i.__0printf$8) refers to usart.o(.data) for __stdout
    printf8.o(i.__0snprintf$8) refers to printf8.o(i._printf_core) for _printf_core
    printf8.o(i.__0snprintf$8) refers to printf8.o(i._snputc) for _snputc
    printf8.o(i.__0sprintf$8) refers to printf8.o(i._printf_core) for _printf_core
    printf8.o(i.__0sprintf$8) refers to printf8.o(i._sputc) for _sputc
    printf8.o(i.__0vfprintf$8) refers to printf8.o(i._printf_core) for _printf_core
    printf8.o(i.__0vfprintf$8) refers to usart.o(i.fputc) for fputc
    printf8.o(i.__0vprintf$8) refers to printf8.o(i._printf_core) for _printf_core
    printf8.o(i.__0vprintf$8) refers to usart.o(i.fputc) for fputc
    printf8.o(i.__0vprintf$8) refers to usart.o(.data) for __stdout
    printf8.o(i.__0vsnprintf$8) refers to printf8.o(i._printf_core) for _printf_core
    printf8.o(i.__0vsnprintf$8) refers to printf8.o(i._snputc) for _snputc
    printf8.o(i.__0vsprintf$8) refers to printf8.o(i._printf_core) for _printf_core
    printf8.o(i.__0vsprintf$8) refers to printf8.o(i._sputc) for _sputc
    printf8.o(i._printf_core) refers to printf8.o(i._printf_pre_padding) for _printf_pre_padding
    printf8.o(i._printf_core) refers to uldiv.o(.text) for __aeabi_uldivmod
    printf8.o(i._printf_core) refers to printf8.o(i._printf_post_padding) for _printf_post_padding
    printfa.o(i.__0fprintf) refers (Special) to iusefp.o(.text) for __I$use$fp
    printfa.o(i.__0fprintf) refers to printfa.o(i._printf_core) for _printf_core
    printfa.o(i.__0fprintf) refers to usart.o(i.fputc) for fputc
    printfa.o(i.__0printf) refers (Special) to iusefp.o(.text) for __I$use$fp
    printfa.o(i.__0printf) refers to printfa.o(i._printf_core) for _printf_core
    printfa.o(i.__0printf) refers to usart.o(i.fputc) for fputc
    printfa.o(i.__0printf) refers to usart.o(.data) for __stdout
    printfa.o(i.__0snprintf) refers (Special) to iusefp.o(.text) for __I$use$fp
    printfa.o(i.__0snprintf) refers to printfa.o(i._printf_core) for _printf_core
    printfa.o(i.__0snprintf) refers to printfa.o(i._snputc) for _snputc
    printfa.o(i.__0sprintf) refers (Special) to iusefp.o(.text) for __I$use$fp
    printfa.o(i.__0sprintf) refers to printfa.o(i._printf_core) for _printf_core
    printfa.o(i.__0sprintf) refers to printfa.o(i._sputc) for _sputc
    printfa.o(i.__0vfprintf) refers (Special) to iusefp.o(.text) for __I$use$fp
    printfa.o(i.__0vfprintf) refers to printfa.o(i._printf_core) for _printf_core
    printfa.o(i.__0vfprintf) refers to usart.o(i.fputc) for fputc
    printfa.o(i.__0vprintf) refers (Special) to iusefp.o(.text) for __I$use$fp
    printfa.o(i.__0vprintf) refers to printfa.o(i._printf_core) for _printf_core
    printfa.o(i.__0vprintf) refers to usart.o(i.fputc) for fputc
    printfa.o(i.__0vprintf) refers to usart.o(.data) for __stdout
    printfa.o(i.__0vsnprintf) refers (Special) to iusefp.o(.text) for __I$use$fp
    printfa.o(i.__0vsnprintf) refers to printfa.o(i._printf_core) for _printf_core
    printfa.o(i.__0vsnprintf) refers to printfa.o(i._snputc) for _snputc
    printfa.o(i.__0vsprintf) refers (Special) to iusefp.o(.text) for __I$use$fp
    printfa.o(i.__0vsprintf) refers to printfa.o(i._printf_core) for _printf_core
    printfa.o(i.__0vsprintf) refers to printfa.o(i._sputc) for _sputc
    printfa.o(i._fp_digits) refers (Special) to iusefp.o(.text) for __I$use$fp
    printfa.o(i._fp_digits) refers to dmul.o(.text) for __aeabi_dmul
    printfa.o(i._fp_digits) refers to ddiv.o(.text) for __aeabi_ddiv
    printfa.o(i._fp_digits) refers to cdrcmple.o(.text) for __aeabi_cdrcmple
    printfa.o(i._fp_digits) refers to dadd.o(.text) for __aeabi_dadd
    printfa.o(i._fp_digits) refers to dfixul.o(.text) for __aeabi_d2ulz
    printfa.o(i._fp_digits) refers to uldiv.o(.text) for __aeabi_uldivmod
    printfa.o(i._printf_core) refers (Special) to iusefp.o(.text) for __I$use$fp
    printfa.o(i._printf_core) refers to printfa.o(i._printf_pre_padding) for _printf_pre_padding
    printfa.o(i._printf_core) refers to uldiv.o(.text) for __aeabi_uldivmod
    printfa.o(i._printf_core) refers to printfa.o(i._printf_post_padding) for _printf_post_padding
    printfa.o(i._printf_core) refers to printfa.o(i._fp_digits) for _fp_digits
    printfa.o(i._printf_core) refers to uidiv.o(.text) for __aeabi_uidivmod
    printfa.o(i._printf_post_padding) refers (Special) to iusefp.o(.text) for __I$use$fp
    printfa.o(i._printf_pre_padding) refers (Special) to iusefp.o(.text) for __I$use$fp
    printfa.o(i._snputc) refers (Special) to iusefp.o(.text) for __I$use$fp
    printfa.o(i._sputc) refers (Special) to iusefp.o(.text) for __I$use$fp
    dmul.o(.text) refers (Special) to iusefp.o(.text) for __I$use$fp
    dmul.o(.text) refers to depilogue.o(.text) for _double_epilogue
    ffltui.o(.text) refers (Special) to iusefp.o(.text) for __I$use$fp
    ffltui.o(.text) refers to fepilogue.o(.text) for _float_epilogue
    dfltui.o(.text) refers (Special) to iusefp.o(.text) for __I$use$fp
    dfltui.o(.text) refers to depilogue.o(.text) for _double_epilogue
    dfixui.o(.text) refers (Special) to iusefp.o(.text) for __I$use$fp
    dfixui.o(.text) refers to llushr.o(.text) for __aeabi_llsr
    f2d.o(.text) refers (Special) to iusefp.o(.text) for __I$use$fp
    d2f.o(.text) refers (Special) to iusefp.o(.text) for __I$use$fp
    d2f.o(.text) refers to fepilogue.o(.text) for _float_round
    entry2.o(.ARM.Collect$$$$00000001) refers to entry2.o(.ARM.Collect$$$$00002712) for __lit__00000000
    entry2.o(.ARM.Collect$$$$00002712) refers to startup_stm32f103xe.o(STACK) for __initial_sp
    entry2.o(__vectab_stack_and_reset_area) refers to startup_stm32f103xe.o(STACK) for __initial_sp
    entry2.o(__vectab_stack_and_reset_area) refers to entry.o(.ARM.Collect$$$$00000000) for __main
    entry5.o(.ARM.Collect$$$$00000004) refers to init.o(.text) for __scatterload
    entry9a.o(.ARM.Collect$$$$0000000B) refers to main.o(i.main) for main
    entry9b.o(.ARM.Collect$$$$0000000C) refers to main.o(i.main) for main
    uldiv.o(.text) refers to llushr.o(.text) for __aeabi_llsr
    uldiv.o(.text) refers to llshl.o(.text) for __aeabi_llsl
    depilogue.o(.text) refers to llshl.o(.text) for __aeabi_llsl
    depilogue.o(.text) refers to llushr.o(.text) for __aeabi_llsr
    dadd.o(.text) refers to llshl.o(.text) for __aeabi_llsl
    dadd.o(.text) refers to llsshr.o(.text) for __aeabi_lasr
    dadd.o(.text) refers to depilogue.o(.text) for _double_epilogue
    ddiv.o(.text) refers to depilogue.o(.text) for _double_round
    dfixul.o(.text) refers to llushr.o(.text) for __aeabi_llsr
    dfixul.o(.text) refers to llshl.o(.text) for __aeabi_llsl
    init.o(.text) refers to entry5.o(.ARM.Collect$$$$00000004) for __main_after_scatterload


==============================================================================

Removing Unused input sections from the image.

    Removing startup_stm32f103xe.o(HEAP), (0 bytes).
    Removing main.o(.rev16_text), (4 bytes).
    Removing main.o(.revsh_text), (4 bytes).
    Removing main.o(.rrx_text), (6 bytes).
    Removing main.o(i.Motor1_Dir), (56 bytes).
    Removing main.o(i.Motor1_OutPut), (36 bytes).
    Removing main.o(i.Motor1_turnoff), (30 bytes).
    Removing main.o(i.Motor1_turnon), (30 bytes).
    Removing main.o(i.Motor2_Dir), (56 bytes).
    Removing main.o(i.Motor2_OutPut), (36 bytes).
    Removing main.o(i.Motor2_turnoff), (30 bytes).
    Removing main.o(i.Motor2_turnon), (32 bytes).
    Removing main.o(i.delay), (184 bytes).
    Removing system_stm32f10x.o(.rev16_text), (4 bytes).
    Removing system_stm32f10x.o(.revsh_text), (4 bytes).
    Removing system_stm32f10x.o(.rrx_text), (6 bytes).
    Removing system_stm32f10x.o(i.SetSysClock), (8 bytes).
    Removing system_stm32f10x.o(i.SetSysClockTo72), (224 bytes).
    Removing system_stm32f10x.o(i.SystemCoreClockUpdate), (164 bytes).
    Removing system_stm32f10x.o(i.SystemInit), (96 bytes).
    Removing system_stm32f10x.o(.data), (20 bytes).
    Removing delay.o(.rev16_text), (4 bytes).
    Removing delay.o(.revsh_text), (4 bytes).
    Removing delay.o(.rrx_text), (6 bytes).
    Removing sys.o(.rev16_text), (4 bytes).
    Removing sys.o(.revsh_text), (4 bytes).
    Removing sys.o(.rrx_text), (6 bytes).
    Removing sys.o(i.sys_gpio_remap_set), (76 bytes).
    Removing sys.o(i.sys_intx_disable), (4 bytes).
    Removing sys.o(i.sys_intx_enable), (4 bytes).
    Removing sys.o(i.sys_msr_msp), (10 bytes).
    Removing sys.o(i.sys_nvic_ex_config), (288 bytes).
    Removing sys.o(i.sys_nvic_init), (120 bytes).
    Removing sys.o(i.sys_nvic_priority_group_config), (40 bytes).
    Removing sys.o(i.sys_soft_reset), (16 bytes).
    Removing sys.o(i.sys_standby), (76 bytes).
    Removing sys.o(i.sys_wfi_set), (4 bytes).
    Removing usart.o(.rev16_text), (4 bytes).
    Removing usart.o(.revsh_text), (4 bytes).
    Removing usart.o(.rrx_text), (6 bytes).
    Removing usart.o(i._sys_command_string), (6 bytes).
    Removing usart.o(i._sys_exit), (4 bytes).
    Removing usart.o(i._ttywrch), (4 bytes).
    Removing usart.o(i.fputc), (28 bytes).
    Removing usart.o(i.usart_init), (196 bytes).
    Removing led.o(.rev16_text), (4 bytes).
    Removing led.o(.revsh_text), (4 bytes).
    Removing led.o(.rrx_text), (6 bytes).
    Removing lcd.o(.rev16_text), (4 bytes).
    Removing lcd.o(.revsh_text), (4 bytes).
    Removing lcd.o(.rrx_text), (6 bytes).
    Removing lcd.o(i.lcd_clear), (128 bytes).
    Removing lcd.o(i.lcd_color_fill), (176 bytes).
    Removing lcd.o(i.lcd_display_dir), (364 bytes).
    Removing lcd.o(i.lcd_display_off), (120 bytes).
    Removing lcd.o(i.lcd_display_on), (120 bytes).
    Removing lcd.o(i.lcd_draw_circle), (170 bytes).
    Removing lcd.o(i.lcd_draw_hline), (56 bytes).
    Removing lcd.o(i.lcd_draw_line), (172 bytes).
    Removing lcd.o(i.lcd_draw_point), (104 bytes).
    Removing lcd.o(i.lcd_draw_rectangle), (74 bytes).
    Removing lcd.o(i.lcd_ex_ili9341_reginit), (1368 bytes).
    Removing lcd.o(i.lcd_ex_ili9806_reginit), (1716 bytes).
    Removing lcd.o(i.lcd_ex_nt35310_reginit), (5652 bytes).
    Removing lcd.o(i.lcd_ex_nt35510_reginit), (3916 bytes).
    Removing lcd.o(i.lcd_ex_ssd1963_reginit), (876 bytes).
    Removing lcd.o(i.lcd_ex_st7789_reginit), (1046 bytes).
    Removing lcd.o(i.lcd_ex_st7796_reginit), (1192 bytes).
    Removing lcd.o(i.lcd_fill), (164 bytes).
    Removing lcd.o(i.lcd_fill_circle), (176 bytes).
    Removing lcd.o(i.lcd_init), (1344 bytes).
    Removing lcd.o(i.lcd_opt_delay), (12 bytes).
    Removing lcd.o(i.lcd_pow), (22 bytes).
    Removing lcd.o(i.lcd_rd_data), (104 bytes).
    Removing lcd.o(i.lcd_read_point), (236 bytes).
    Removing lcd.o(i.lcd_scan_dir), (1320 bytes).
    Removing lcd.o(i.lcd_set_cursor), (1104 bytes).
    Removing lcd.o(i.lcd_set_window), (1364 bytes).
    Removing lcd.o(i.lcd_show_char), (320 bytes).
    Removing lcd.o(i.lcd_show_num), (152 bytes).
    Removing lcd.o(i.lcd_show_string), (106 bytes).
    Removing lcd.o(i.lcd_show_xnum), (198 bytes).
    Removing lcd.o(i.lcd_ssd_backlight_set), (264 bytes).
    Removing lcd.o(i.lcd_wr_xdata), (40 bytes).
    Removing lcd.o(i.lcd_write_reg), (80 bytes).
    Removing lcd.o(.bss), (14 bytes).
    Removing lcd.o(.constdata), (12160 bytes).
    Removing lcd.o(.data), (8 bytes).
    Removing adc.o(.rev16_text), (4 bytes).
    Removing adc.o(.revsh_text), (4 bytes).
    Removing adc.o(.rrx_text), (6 bytes).
    Removing adc.o(i.adc_channel_set), (74 bytes).
    Removing adc.o(i.adc_get_result), (80 bytes).
    Removing adc.o(i.adc_get_result_average), (44 bytes).
    Removing key.o(.rev16_text), (4 bytes).
    Removing key.o(.revsh_text), (4 bytes).
    Removing key.o(.rrx_text), (6 bytes).
    Removing key.o(i.key_init), (48 bytes).
    Removing key.o(i.key_scan), (168 bytes).
    Removing key.o(.data), (1 bytes).
    Removing aht10.o(.rev16_text), (4 bytes).
    Removing aht10.o(.revsh_text), (4 bytes).
    Removing aht10.o(.rrx_text), (6 bytes).
    Removing hc595.o(.rev16_text), (4 bytes).
    Removing hc595.o(.revsh_text), (4 bytes).
    Removing hc595.o(.rrx_text), (6 bytes).
    Removing dfltui.o(.text), (26 bytes).
    Removing dfixui.o(.text), (50 bytes).
    Removing dadd.o(.text), (334 bytes).
    Removing ddiv.o(.text), (222 bytes).
    Removing dfixul.o(.text), (48 bytes).
    Removing cdrcmple.o(.text), (48 bytes).

112 unused section(s) (total 39613 bytes) removed from the image.

==============================================================================

Image Symbol Table

    Local Symbols

    Symbol Name                              Value     Ov Type        Size  Object(Section)

    ../clib/microlib/division.c              0x00000000   Number         0  uldiv.o ABSOLUTE
    ../clib/microlib/division.c              0x00000000   Number         0  uidiv.o ABSOLUTE
    ../clib/microlib/init/entry.s            0x00000000   Number         0  entry9a.o ABSOLUTE
    ../clib/microlib/init/entry.s            0x00000000   Number         0  entry10b.o ABSOLUTE
    ../clib/microlib/init/entry.s            0x00000000   Number         0  entry10a.o ABSOLUTE
    ../clib/microlib/init/entry.s            0x00000000   Number         0  entry9b.o ABSOLUTE
    ../clib/microlib/init/entry.s            0x00000000   Number         0  entry8b.o ABSOLUTE
    ../clib/microlib/init/entry.s            0x00000000   Number         0  entry8a.o ABSOLUTE
    ../clib/microlib/init/entry.s            0x00000000   Number         0  entry.o ABSOLUTE
    ../clib/microlib/init/entry.s            0x00000000   Number         0  entry11b.o ABSOLUTE
    ../clib/microlib/init/entry.s            0x00000000   Number         0  entry7b.o ABSOLUTE
    ../clib/microlib/init/entry.s            0x00000000   Number         0  entry7a.o ABSOLUTE
    ../clib/microlib/init/entry.s            0x00000000   Number         0  entry11a.o ABSOLUTE
    ../clib/microlib/init/entry.s            0x00000000   Number         0  entry5.o ABSOLUTE
    ../clib/microlib/init/entry.s            0x00000000   Number         0  entry2.o ABSOLUTE
    ../clib/microlib/longlong.c              0x00000000   Number         0  llshl.o ABSOLUTE
    ../clib/microlib/longlong.c              0x00000000   Number         0  llushr.o ABSOLUTE
    ../clib/microlib/longlong.c              0x00000000   Number         0  llsshr.o ABSOLUTE
    ../clib/microlib/printf/printf.c         0x00000000   Number         0  printfb.o ABSOLUTE
    ../clib/microlib/printf/printf.c         0x00000000   Number         0  printf2.o ABSOLUTE
    ../clib/microlib/printf/printf.c         0x00000000   Number         0  printf8.o ABSOLUTE
    ../clib/microlib/printf/printf.c         0x00000000   Number         0  printf0.o ABSOLUTE
    ../clib/microlib/printf/printf.c         0x00000000   Number         0  printf1.o ABSOLUTE
    ../clib/microlib/printf/printf.c         0x00000000   Number         0  printf3.o ABSOLUTE
    ../clib/microlib/printf/printf.c         0x00000000   Number         0  printf4.o ABSOLUTE
    ../clib/microlib/printf/printf.c         0x00000000   Number         0  printf5.o ABSOLUTE
    ../clib/microlib/printf/printf.c         0x00000000   Number         0  printf6.o ABSOLUTE
    ../clib/microlib/printf/printf.c         0x00000000   Number         0  printf7.o ABSOLUTE
    ../clib/microlib/printf/printf.c         0x00000000   Number         0  printfa.o ABSOLUTE
    ../clib/microlib/printf/stubs.s          0x00000000   Number         0  stubs.o ABSOLUTE
    ../clib/microlib/stubs.s                 0x00000000   Number         0  useno.o ABSOLUTE
    ../clib/microlib/stubs.s                 0x00000000   Number         0  iusefp.o ABSOLUTE
    ../fplib/microlib/d2f.c                  0x00000000   Number         0  d2f.o ABSOLUTE
    ../fplib/microlib/f2d.c                  0x00000000   Number         0  f2d.o ABSOLUTE
    ../fplib/microlib/fpadd.c                0x00000000   Number         0  dadd.o ABSOLUTE
    ../fplib/microlib/fpdiv.c                0x00000000   Number         0  ddiv.o ABSOLUTE
    ../fplib/microlib/fpepilogue.c           0x00000000   Number         0  fepilogue.o ABSOLUTE
    ../fplib/microlib/fpepilogue.c           0x00000000   Number         0  depilogue.o ABSOLUTE
    ../fplib/microlib/fpfix.c                0x00000000   Number         0  dfixui.o ABSOLUTE
    ../fplib/microlib/fpfix.c                0x00000000   Number         0  dfixul.o ABSOLUTE
    ../fplib/microlib/fpflt.c                0x00000000   Number         0  dfltui.o ABSOLUTE
    ../fplib/microlib/fpflt.c                0x00000000   Number         0  ffltui.o ABSOLUTE
    ../fplib/microlib/fpmul.c                0x00000000   Number         0  dmul.o ABSOLUTE
    ..\..\Drivers\BSP\ADC\adc.c              0x00000000   Number         0  adc.o ABSOLUTE
    ..\..\Drivers\BSP\AHT10\AHT10.c          0x00000000   Number         0  aht10.o ABSOLUTE
    ..\..\Drivers\BSP\HC595\HC595.c          0x00000000   Number         0  hc595.o ABSOLUTE
    ..\..\Drivers\BSP\KEY\key.c              0x00000000   Number         0  key.o ABSOLUTE
    ..\..\Drivers\BSP\LCD\lcd.c              0x00000000   Number         0  lcd.o ABSOLUTE
    ..\..\Drivers\BSP\LED\led.c              0x00000000   Number         0  led.o ABSOLUTE
    ..\..\Drivers\CMSIS\Device\ST\STM32F1xx\Source\Templates\arm\startup_stm32f103xe.s 0x00000000   Number         0  startup_stm32f103xe.o ABSOLUTE
    ..\..\Drivers\SYSTEM\delay\delay.c       0x00000000   Number         0  delay.o ABSOLUTE
    ..\..\Drivers\SYSTEM\sys\sys.c           0x00000000   Number         0  sys.o ABSOLUTE
    ..\..\Drivers\SYSTEM\usart\usart.c       0x00000000   Number         0  usart.o ABSOLUTE
    ..\..\User\main.c                        0x00000000   Number         0  main.o ABSOLUTE
    ..\..\User\system_stm32f10x.c            0x00000000   Number         0  system_stm32f10x.o ABSOLUTE
    ..\\..\\Drivers\\BSP\\ADC\\adc.c         0x00000000   Number         0  adc.o ABSOLUTE
    ..\\..\\Drivers\\BSP\\AHT10\\AHT10.c     0x00000000   Number         0  aht10.o ABSOLUTE
    ..\\..\\Drivers\\BSP\\HC595\\HC595.c     0x00000000   Number         0  hc595.o ABSOLUTE
    ..\\..\\Drivers\\BSP\\KEY\\key.c         0x00000000   Number         0  key.o ABSOLUTE
    ..\\..\\Drivers\\BSP\\LCD\\lcd.c         0x00000000   Number         0  lcd.o ABSOLUTE
    ..\\..\\Drivers\\BSP\\LED\\led.c         0x00000000   Number         0  led.o ABSOLUTE
    ..\\..\\Drivers\\SYSTEM\\delay\\delay.c  0x00000000   Number         0  delay.o ABSOLUTE
    ..\\..\\Drivers\\SYSTEM\\sys\\sys.c      0x00000000   Number         0  sys.o ABSOLUTE
    ..\\..\\Drivers\\SYSTEM\\usart\\usart.c  0x00000000   Number         0  usart.o ABSOLUTE
    ..\\..\\User\\main.c                     0x00000000   Number         0  main.o ABSOLUTE
    ..\\..\\User\\system_stm32f10x.c         0x00000000   Number         0  system_stm32f10x.o ABSOLUTE
    cdrcmple.s                               0x00000000   Number         0  cdrcmple.o ABSOLUTE
    dc.s                                     0x00000000   Number         0  dc.o ABSOLUTE
    handlers.s                               0x00000000   Number         0  handlers.o ABSOLUTE
    init.s                                   0x00000000   Number         0  init.o ABSOLUTE
    RESET                                    0x08000000   Section      304  startup_stm32f103xe.o(RESET)
    .ARM.Collect$$$$00000000                 0x08000130   Section        0  entry.o(.ARM.Collect$$$$00000000)
    .ARM.Collect$$$$00000001                 0x08000130   Section        4  entry2.o(.ARM.Collect$$$$00000001)
    .ARM.Collect$$$$00000004                 0x08000134   Section        4  entry5.o(.ARM.Collect$$$$00000004)
    .ARM.Collect$$$$00000008                 0x08000138   Section        0  entry7b.o(.ARM.Collect$$$$00000008)
    .ARM.Collect$$$$0000000A                 0x08000138   Section        0  entry8b.o(.ARM.Collect$$$$0000000A)
    .ARM.Collect$$$$0000000B                 0x08000138   Section        8  entry9a.o(.ARM.Collect$$$$0000000B)
    .ARM.Collect$$$$0000000D                 0x08000140   Section        0  entry10a.o(.ARM.Collect$$$$0000000D)
    .ARM.Collect$$$$0000000F                 0x08000140   Section        0  entry11a.o(.ARM.Collect$$$$0000000F)
    .ARM.Collect$$$$00002712                 0x08000140   Section        4  entry2.o(.ARM.Collect$$$$00002712)
    __lit__00000000                          0x08000140   Data           4  entry2.o(.ARM.Collect$$$$00002712)
    .text                                    0x08000144   Section       28  startup_stm32f103xe.o(.text)
    .text                                    0x08000160   Section        0  dmul.o(.text)
    .text                                    0x08000244   Section        0  ffltui.o(.text)
    .text                                    0x0800024e   Section        0  f2d.o(.text)
    .text                                    0x08000274   Section        0  d2f.o(.text)
    .text                                    0x080002ac   Section        0  llushr.o(.text)
    .text                                    0x080002cc   Section        0  fepilogue.o(.text)
    .text                                    0x080002cc   Section        0  iusefp.o(.text)
    .text                                    0x0800033a   Section        0  depilogue.o(.text)
    .text                                    0x080003f4   Section       36  init.o(.text)
    .text                                    0x08000418   Section        0  llshl.o(.text)
    i.ATH_humidity                           0x08000438   Section        0  main.o(i.ATH_humidity)
    i.Delay_1us                              0x08000494   Section        0  aht10.o(i.Delay_1us)
    i.Delay_3us                              0x080004b6   Section        0  aht10.o(i.Delay_3us)
    i.Delay_N10us                            0x080004d2   Section        0  aht10.o(i.Delay_N10us)
    i.HC595_Display                          0x080004ec   Section        0  hc595.o(i.HC595_Display)
    i.HC595_Init                             0x080005a4   Section        0  hc595.o(i.HC595_Init)
    i.I2C_Start                              0x08000638   Section        0  aht10.o(i.I2C_Start)
    i.Init_I2C_Sensor_Port                   0x08000664   Section        0  aht10.o(i.Init_I2C_Sensor_Port)
    i.JH_Init                                0x080006b4   Section        0  aht10.o(i.JH_Init)
    i.JH_Read_CTdata                         0x0800075e   Section        0  aht10.o(i.JH_Read_CTdata)
    i.JH_Read_Cal_Enable                     0x08000830   Section        0  aht10.o(i.JH_Read_Cal_Enable)
    i.JH_Read_Status                         0x0800084a   Section        0  aht10.o(i.JH_Read_Status)
    i.JH_SendAC                              0x0800086c   Section        0  aht10.o(i.JH_SendAC)
    i.JH_Send_BA                             0x080008a0   Section        0  aht10.o(i.JH_Send_BA)
    i.Motor_Init                             0x080008c0   Section        0  main.o(i.Motor_Init)
    i.Receive_ACK                            0x08000998   Section        0  aht10.o(i.Receive_ACK)
    i.SCL_Pin_Output_High                    0x080009e4   Section        0  aht10.o(i.SCL_Pin_Output_High)
    i.SCL_Pin_Output_Low                     0x08000a08   Section        0  aht10.o(i.SCL_Pin_Output_Low)
    i.SDA_Pin_IN_FLOATING                    0x08000a2c   Section        0  aht10.o(i.SDA_Pin_IN_FLOATING)
    i.SDA_Pin_Output_High                    0x08000a54   Section        0  aht10.o(i.SDA_Pin_Output_High)
    i.SDA_Pin_Output_Low                     0x08000a7c   Section        0  aht10.o(i.SDA_Pin_Output_Low)
    i.Send_ACK                               0x08000aa4   Section        0  aht10.o(i.Send_ACK)
    i.Send_NOT_ACK                           0x08000ada   Section        0  aht10.o(i.Send_NOT_ACK)
    i.SensorDelay_us                         0x08000b10   Section        0  aht10.o(i.SensorDelay_us)
    i.Stop_I2C                               0x08000b26   Section        0  aht10.o(i.Stop_I2C)
    i.USART1_IRQHandler                      0x08000b48   Section        0  usart.o(i.USART1_IRQHandler)
    i.ZSSC_I2C_RD_Byte                       0x08000bcc   Section        0  aht10.o(i.ZSSC_I2C_RD_Byte)
    i.ZSSC_I2C_WR_Byte                       0x08000c24   Section        0  aht10.o(i.ZSSC_I2C_WR_Byte)
    i.__scatterload_copy                     0x08000c76   Section       14  handlers.o(i.__scatterload_copy)
    i.__scatterload_null                     0x08000c84   Section        2  handlers.o(i.__scatterload_null)
    i.__scatterload_zeroinit                 0x08000c86   Section       14  handlers.o(i.__scatterload_zeroinit)
    i.adc_init                               0x08000c94   Section        0  adc.o(i.adc_init)
    i.delay_init                             0x08000ddc   Section        0  delay.o(i.delay_init)
    i.delay_ms                               0x08000e08   Section        0  delay.o(i.delay_ms)
    i.delay_us                               0x08000e1c   Section        0  delay.o(i.delay_us)
    i.led_init                               0x08000e64   Section        0  led.o(i.led_init)
    i.main                                   0x08000e9c   Section        0  main.o(i.main)
    i.sys_clock_set                          0x08000ff4   Section        0  sys.o(i.sys_clock_set)
    i.sys_gpio_pin_get                       0x080010a0   Section        0  sys.o(i.sys_gpio_pin_get)
    i.sys_gpio_pin_set                       0x080010b0   Section        0  sys.o(i.sys_gpio_pin_set)
    i.sys_gpio_set                           0x080010c8   Section        0  sys.o(i.sys_gpio_set)
    i.sys_nvic_set_vector_table              0x080011b4   Section        0  sys.o(i.sys_nvic_set_vector_table)
    i.sys_stm32_clock_init                   0x080011c4   Section        0  sys.o(i.sys_stm32_clock_init)
    .data                                    0x20000000   Section       94  main.o(.data)
    .data                                    0x20000060   Section        4  delay.o(.data)
    g_fac_us                                 0x20000060   Data           4  delay.o(.data)
    .data                                    0x20000064   Section        6  usart.o(.data)
    .bss                                     0x2000006c   Section      200  usart.o(.bss)
    STACK                                    0x20000138   Section     1024  startup_stm32f103xe.o(STACK)

    Global Symbols

    Symbol Name                              Value     Ov Type        Size  Object(Section)

    BuildAttributes$$THM_ISAv4$P$D$K$B$S$PE$A:L22UL41UL21$X:L11$S22US41US21$IEEE1$IW$USESV6$~STKCKD$USESV7$~SHL$OTIME$ROPI$EBA8$MICROLIB$REQ8$PRES8$EABIv2 0x00000000   Number         0  anon$$obj.o ABSOLUTE
    __ARM_use_no_argv                        0x00000000   Number         0  main.o ABSOLUTE
    __use_no_errno                           0x00000000   Number         0  useno.o ABSOLUTE
    __use_no_exception_handling              0x00000000   Number         0  useno.o ABSOLUTE
    __use_no_fp                              0x00000000   Number         0  useno.o ABSOLUTE
    __use_no_heap                            0x00000000   Number         0  useno.o ABSOLUTE
    __use_no_heap_region                     0x00000000   Number         0  useno.o ABSOLUTE
    __use_no_semihosting                     0x00000000   Number         0  useno.o ABSOLUTE
    __use_no_semihosting_swi                 0x00000000   Number         0  useno.o ABSOLUTE
    __use_no_signal_handling                 0x00000000   Number         0  useno.o ABSOLUTE
    _printf_a                                0x00000000   Number         0  stubs.o ABSOLUTE
    _printf_c                                0x00000000   Number         0  stubs.o ABSOLUTE
    _printf_charcount                        0x00000000   Number         0  stubs.o ABSOLUTE
    _printf_d                                0x00000000   Number         0  stubs.o ABSOLUTE
    _printf_e                                0x00000000   Number         0  stubs.o ABSOLUTE
    _printf_f                                0x00000000   Number         0  stubs.o ABSOLUTE
    _printf_flags                            0x00000000   Number         0  stubs.o ABSOLUTE
    _printf_fp_dec                           0x00000000   Number         0  stubs.o ABSOLUTE
    _printf_fp_hex                           0x00000000   Number         0  stubs.o ABSOLUTE
    _printf_g                                0x00000000   Number         0  stubs.o ABSOLUTE
    _printf_i                                0x00000000   Number         0  stubs.o ABSOLUTE
    _printf_int_dec                          0x00000000   Number         0  stubs.o ABSOLUTE
    _printf_l                                0x00000000   Number         0  stubs.o ABSOLUTE
    _printf_lc                               0x00000000   Number         0  stubs.o ABSOLUTE
    _printf_ll                               0x00000000   Number         0  stubs.o ABSOLUTE
    _printf_lld                              0x00000000   Number         0  stubs.o ABSOLUTE
    _printf_lli                              0x00000000   Number         0  stubs.o ABSOLUTE
    _printf_llo                              0x00000000   Number         0  stubs.o ABSOLUTE
    _printf_llu                              0x00000000   Number         0  stubs.o ABSOLUTE
    _printf_llx                              0x00000000   Number         0  stubs.o ABSOLUTE
    _printf_longlong_dec                     0x00000000   Number         0  stubs.o ABSOLUTE
    _printf_longlong_hex                     0x00000000   Number         0  stubs.o ABSOLUTE
    _printf_longlong_oct                     0x00000000   Number         0  stubs.o ABSOLUTE
    _printf_ls                               0x00000000   Number         0  stubs.o ABSOLUTE
    _printf_mbtowc                           0x00000000   Number         0  stubs.o ABSOLUTE
    _printf_n                                0x00000000   Number         0  stubs.o ABSOLUTE
    _printf_o                                0x00000000   Number         0  stubs.o ABSOLUTE
    _printf_p                                0x00000000   Number         0  stubs.o ABSOLUTE
    _printf_percent                          0x00000000   Number         0  stubs.o ABSOLUTE
    _printf_pre_padding                      0x00000000   Number         0  stubs.o ABSOLUTE
    _printf_return_value                     0x00000000   Number         0  stubs.o ABSOLUTE
    _printf_s                                0x00000000   Number         0  stubs.o ABSOLUTE
    _printf_sizespec                         0x00000000   Number         0  stubs.o ABSOLUTE
    _printf_str                              0x00000000   Number         0  stubs.o ABSOLUTE
    _printf_truncate_signed                  0x00000000   Number         0  stubs.o ABSOLUTE
    _printf_truncate_unsigned                0x00000000   Number         0  stubs.o ABSOLUTE
    _printf_u                                0x00000000   Number         0  stubs.o ABSOLUTE
    _printf_wc                               0x00000000   Number         0  stubs.o ABSOLUTE
    _printf_wctomb                           0x00000000   Number         0  stubs.o ABSOLUTE
    _printf_widthprec                        0x00000000   Number         0  stubs.o ABSOLUTE
    _printf_x                                0x00000000   Number         0  stubs.o ABSOLUTE
    __cpp_initialize__aeabi_                  - Undefined Weak Reference
    __cxa_finalize                            - Undefined Weak Reference
    __decompress                              - Undefined Weak Reference
    _clock_init                               - Undefined Weak Reference
    _microlib_exit                            - Undefined Weak Reference
    __Vectors_Size                           0x00000130   Number         0  startup_stm32f103xe.o ABSOLUTE
    __Vectors                                0x08000000   Data           4  startup_stm32f103xe.o(RESET)
    __Vectors_End                            0x08000130   Data           0  startup_stm32f103xe.o(RESET)
    __main                                   0x08000131   Thumb Code     0  entry.o(.ARM.Collect$$$$00000000)
    _main_stk                                0x08000131   Thumb Code     0  entry2.o(.ARM.Collect$$$$00000001)
    _main_scatterload                        0x08000135   Thumb Code     0  entry5.o(.ARM.Collect$$$$00000004)
    __main_after_scatterload                 0x08000139   Thumb Code     0  entry5.o(.ARM.Collect$$$$00000004)
    _main_clock                              0x08000139   Thumb Code     0  entry7b.o(.ARM.Collect$$$$00000008)
    _main_cpp_init                           0x08000139   Thumb Code     0  entry8b.o(.ARM.Collect$$$$0000000A)
    _main_init                               0x08000139   Thumb Code     0  entry9a.o(.ARM.Collect$$$$0000000B)
    __rt_final_cpp                           0x08000141   Thumb Code     0  entry10a.o(.ARM.Collect$$$$0000000D)
    __rt_final_exit                          0x08000141   Thumb Code     0  entry11a.o(.ARM.Collect$$$$0000000F)
    Reset_Handler                            0x08000145   Thumb Code     4  startup_stm32f103xe.o(.text)
    NMI_Handler                              0x08000149   Thumb Code     2  startup_stm32f103xe.o(.text)
    HardFault_Handler                        0x0800014b   Thumb Code     2  startup_stm32f103xe.o(.text)
    MemManage_Handler                        0x0800014d   Thumb Code     2  startup_stm32f103xe.o(.text)
    BusFault_Handler                         0x0800014f   Thumb Code     2  startup_stm32f103xe.o(.text)
    UsageFault_Handler                       0x08000151   Thumb Code     2  startup_stm32f103xe.o(.text)
    SVC_Handler                              0x08000153   Thumb Code     2  startup_stm32f103xe.o(.text)
    DebugMon_Handler                         0x08000155   Thumb Code     2  startup_stm32f103xe.o(.text)
    PendSV_Handler                           0x08000157   Thumb Code     2  startup_stm32f103xe.o(.text)
    SysTick_Handler                          0x08000159   Thumb Code     2  startup_stm32f103xe.o(.text)
    ADC1_2_IRQHandler                        0x0800015b   Thumb Code     0  startup_stm32f103xe.o(.text)
    ADC3_IRQHandler                          0x0800015b   Thumb Code     0  startup_stm32f103xe.o(.text)
    CAN1_RX1_IRQHandler                      0x0800015b   Thumb Code     0  startup_stm32f103xe.o(.text)
    CAN1_SCE_IRQHandler                      0x0800015b   Thumb Code     0  startup_stm32f103xe.o(.text)
    DMA1_Channel1_IRQHandler                 0x0800015b   Thumb Code     0  startup_stm32f103xe.o(.text)
    DMA1_Channel2_IRQHandler                 0x0800015b   Thumb Code     0  startup_stm32f103xe.o(.text)
    DMA1_Channel3_IRQHandler                 0x0800015b   Thumb Code     0  startup_stm32f103xe.o(.text)
    DMA1_Channel4_IRQHandler                 0x0800015b   Thumb Code     0  startup_stm32f103xe.o(.text)
    DMA1_Channel5_IRQHandler                 0x0800015b   Thumb Code     0  startup_stm32f103xe.o(.text)
    DMA1_Channel6_IRQHandler                 0x0800015b   Thumb Code     0  startup_stm32f103xe.o(.text)
    DMA1_Channel7_IRQHandler                 0x0800015b   Thumb Code     0  startup_stm32f103xe.o(.text)
    DMA2_Channel1_IRQHandler                 0x0800015b   Thumb Code     0  startup_stm32f103xe.o(.text)
    DMA2_Channel2_IRQHandler                 0x0800015b   Thumb Code     0  startup_stm32f103xe.o(.text)
    DMA2_Channel3_IRQHandler                 0x0800015b   Thumb Code     0  startup_stm32f103xe.o(.text)
    DMA2_Channel4_5_IRQHandler               0x0800015b   Thumb Code     0  startup_stm32f103xe.o(.text)
    EXTI0_IRQHandler                         0x0800015b   Thumb Code     0  startup_stm32f103xe.o(.text)
    EXTI15_10_IRQHandler                     0x0800015b   Thumb Code     0  startup_stm32f103xe.o(.text)
    EXTI1_IRQHandler                         0x0800015b   Thumb Code     0  startup_stm32f103xe.o(.text)
    EXTI2_IRQHandler                         0x0800015b   Thumb Code     0  startup_stm32f103xe.o(.text)
    EXTI3_IRQHandler                         0x0800015b   Thumb Code     0  startup_stm32f103xe.o(.text)
    EXTI4_IRQHandler                         0x0800015b   Thumb Code     0  startup_stm32f103xe.o(.text)
    EXTI9_5_IRQHandler                       0x0800015b   Thumb Code     0  startup_stm32f103xe.o(.text)
    FLASH_IRQHandler                         0x0800015b   Thumb Code     0  startup_stm32f103xe.o(.text)
    FSMC_IRQHandler                          0x0800015b   Thumb Code     0  startup_stm32f103xe.o(.text)
    I2C1_ER_IRQHandler                       0x0800015b   Thumb Code     0  startup_stm32f103xe.o(.text)
    I2C1_EV_IRQHandler                       0x0800015b   Thumb Code     0  startup_stm32f103xe.o(.text)
    I2C2_ER_IRQHandler                       0x0800015b   Thumb Code     0  startup_stm32f103xe.o(.text)
    I2C2_EV_IRQHandler                       0x0800015b   Thumb Code     0  startup_stm32f103xe.o(.text)
    PVD_IRQHandler                           0x0800015b   Thumb Code     0  startup_stm32f103xe.o(.text)
    RCC_IRQHandler                           0x0800015b   Thumb Code     0  startup_stm32f103xe.o(.text)
    RTC_Alarm_IRQHandler                     0x0800015b   Thumb Code     0  startup_stm32f103xe.o(.text)
    RTC_IRQHandler                           0x0800015b   Thumb Code     0  startup_stm32f103xe.o(.text)
    SDIO_IRQHandler                          0x0800015b   Thumb Code     0  startup_stm32f103xe.o(.text)
    SPI1_IRQHandler                          0x0800015b   Thumb Code     0  startup_stm32f103xe.o(.text)
    SPI2_IRQHandler                          0x0800015b   Thumb Code     0  startup_stm32f103xe.o(.text)
    SPI3_IRQHandler                          0x0800015b   Thumb Code     0  startup_stm32f103xe.o(.text)
    TAMPER_IRQHandler                        0x0800015b   Thumb Code     0  startup_stm32f103xe.o(.text)
    TIM1_BRK_IRQHandler                      0x0800015b   Thumb Code     0  startup_stm32f103xe.o(.text)
    TIM1_CC_IRQHandler                       0x0800015b   Thumb Code     0  startup_stm32f103xe.o(.text)
    TIM1_TRG_COM_IRQHandler                  0x0800015b   Thumb Code     0  startup_stm32f103xe.o(.text)
    TIM1_UP_IRQHandler                       0x0800015b   Thumb Code     0  startup_stm32f103xe.o(.text)
    TIM2_IRQHandler                          0x0800015b   Thumb Code     0  startup_stm32f103xe.o(.text)
    TIM3_IRQHandler                          0x0800015b   Thumb Code     0  startup_stm32f103xe.o(.text)
    TIM4_IRQHandler                          0x0800015b   Thumb Code     0  startup_stm32f103xe.o(.text)
    TIM5_IRQHandler                          0x0800015b   Thumb Code     0  startup_stm32f103xe.o(.text)
    TIM6_IRQHandler                          0x0800015b   Thumb Code     0  startup_stm32f103xe.o(.text)
    TIM7_IRQHandler                          0x0800015b   Thumb Code     0  startup_stm32f103xe.o(.text)
    TIM8_BRK_IRQHandler                      0x0800015b   Thumb Code     0  startup_stm32f103xe.o(.text)
    TIM8_CC_IRQHandler                       0x0800015b   Thumb Code     0  startup_stm32f103xe.o(.text)
    TIM8_TRG_COM_IRQHandler                  0x0800015b   Thumb Code     0  startup_stm32f103xe.o(.text)
    TIM8_UP_IRQHandler                       0x0800015b   Thumb Code     0  startup_stm32f103xe.o(.text)
    UART4_IRQHandler                         0x0800015b   Thumb Code     0  startup_stm32f103xe.o(.text)
    UART5_IRQHandler                         0x0800015b   Thumb Code     0  startup_stm32f103xe.o(.text)
    USART2_IRQHandler                        0x0800015b   Thumb Code     0  startup_stm32f103xe.o(.text)
    USART3_IRQHandler                        0x0800015b   Thumb Code     0  startup_stm32f103xe.o(.text)
    USBWakeUp_IRQHandler                     0x0800015b   Thumb Code     0  startup_stm32f103xe.o(.text)
    USB_HP_CAN1_TX_IRQHandler                0x0800015b   Thumb Code     0  startup_stm32f103xe.o(.text)
    USB_LP_CAN1_RX0_IRQHandler               0x0800015b   Thumb Code     0  startup_stm32f103xe.o(.text)
    WWDG_IRQHandler                          0x0800015b   Thumb Code     0  startup_stm32f103xe.o(.text)
    __aeabi_dmul                             0x08000161   Thumb Code   228  dmul.o(.text)
    __aeabi_ui2f                             0x08000245   Thumb Code    10  ffltui.o(.text)
    __aeabi_f2d                              0x0800024f   Thumb Code    38  f2d.o(.text)
    __aeabi_d2f                              0x08000275   Thumb Code    56  d2f.o(.text)
    __aeabi_llsr                             0x080002ad   Thumb Code    32  llushr.o(.text)
    _ll_ushift_r                             0x080002ad   Thumb Code     0  llushr.o(.text)
    __I$use$fp                               0x080002cd   Thumb Code     0  iusefp.o(.text)
    _float_round                             0x080002cd   Thumb Code    18  fepilogue.o(.text)
    _float_epilogue                          0x080002df   Thumb Code    92  fepilogue.o(.text)
    _double_round                            0x0800033b   Thumb Code    30  depilogue.o(.text)
    _double_epilogue                         0x08000359   Thumb Code   156  depilogue.o(.text)
    __scatterload                            0x080003f5   Thumb Code    28  init.o(.text)
    __scatterload_rt2                        0x080003f5   Thumb Code     0  init.o(.text)
    __aeabi_llsl                             0x08000419   Thumb Code    30  llshl.o(.text)
    _ll_shift_l                              0x08000419   Thumb Code     0  llshl.o(.text)
    ATH_humidity                             0x08000439   Thumb Code    80  main.o(i.ATH_humidity)
    Delay_1us                                0x08000495   Thumb Code    34  aht10.o(i.Delay_1us)
    Delay_3us                                0x080004b7   Thumb Code    28  aht10.o(i.Delay_3us)
    Delay_N10us                              0x080004d3   Thumb Code    24  aht10.o(i.Delay_N10us)
    HC595_Display                            0x080004ed   Thumb Code   180  hc595.o(i.HC595_Display)
    HC595_Init                               0x080005a5   Thumb Code   140  hc595.o(i.HC595_Init)
    I2C_Start                                0x08000639   Thumb Code    44  aht10.o(i.I2C_Start)
    Init_I2C_Sensor_Port                     0x08000665   Thumb Code    72  aht10.o(i.Init_I2C_Sensor_Port)
    JH_Init                                  0x080006b5   Thumb Code   170  aht10.o(i.JH_Init)
    JH_Read_CTdata                           0x0800075f   Thumb Code   210  aht10.o(i.JH_Read_CTdata)
    JH_Read_Cal_Enable                       0x08000831   Thumb Code    26  aht10.o(i.JH_Read_Cal_Enable)
    JH_Read_Status                           0x0800084b   Thumb Code    34  aht10.o(i.JH_Read_Status)
    JH_SendAC                                0x0800086d   Thumb Code    52  aht10.o(i.JH_SendAC)
    JH_Send_BA                               0x080008a1   Thumb Code    32  aht10.o(i.JH_Send_BA)
    Motor_Init                               0x080008c1   Thumb Code   208  main.o(i.Motor_Init)
    Receive_ACK                              0x08000999   Thumb Code    72  aht10.o(i.Receive_ACK)
    SCL_Pin_Output_High                      0x080009e5   Thumb Code    32  aht10.o(i.SCL_Pin_Output_High)
    SCL_Pin_Output_Low                       0x08000a09   Thumb Code    32  aht10.o(i.SCL_Pin_Output_Low)
    SDA_Pin_IN_FLOATING                      0x08000a2d   Thumb Code    36  aht10.o(i.SDA_Pin_IN_FLOATING)
    SDA_Pin_Output_High                      0x08000a55   Thumb Code    34  aht10.o(i.SDA_Pin_Output_High)
    SDA_Pin_Output_Low                       0x08000a7d   Thumb Code    36  aht10.o(i.SDA_Pin_Output_Low)
    Send_ACK                                 0x08000aa5   Thumb Code    54  aht10.o(i.Send_ACK)
    Send_NOT_ACK                             0x08000adb   Thumb Code    54  aht10.o(i.Send_NOT_ACK)
    SensorDelay_us                           0x08000b11   Thumb Code    22  aht10.o(i.SensorDelay_us)
    Stop_I2C                                 0x08000b27   Thumb Code    34  aht10.o(i.Stop_I2C)
    USART1_IRQHandler                        0x08000b49   Thumb Code   118  usart.o(i.USART1_IRQHandler)
    ZSSC_I2C_RD_Byte                         0x08000bcd   Thumb Code    82  aht10.o(i.ZSSC_I2C_RD_Byte)
    ZSSC_I2C_WR_Byte                         0x08000c25   Thumb Code    82  aht10.o(i.ZSSC_I2C_WR_Byte)
    __scatterload_copy                       0x08000c77   Thumb Code    14  handlers.o(i.__scatterload_copy)
    __scatterload_null                       0x08000c85   Thumb Code     2  handlers.o(i.__scatterload_null)
    __scatterload_zeroinit                   0x08000c87   Thumb Code    14  handlers.o(i.__scatterload_zeroinit)
    adc_init                                 0x08000c95   Thumb Code   314  adc.o(i.adc_init)
    delay_init                               0x08000ddd   Thumb Code    38  delay.o(i.delay_init)
    delay_ms                                 0x08000e09   Thumb Code    18  delay.o(i.delay_ms)
    delay_us                                 0x08000e1d   Thumb Code    68  delay.o(i.delay_us)
    led_init                                 0x08000e65   Thumb Code    48  led.o(i.led_init)
    main                                     0x08000e9d   Thumb Code   278  main.o(i.main)
    sys_clock_set                            0x08000ff5   Thumb Code   164  sys.o(i.sys_clock_set)
    sys_gpio_pin_get                         0x080010a1   Thumb Code    16  sys.o(i.sys_gpio_pin_get)
    sys_gpio_pin_set                         0x080010b1   Thumb Code    24  sys.o(i.sys_gpio_pin_set)
    sys_gpio_set                             0x080010c9   Thumb Code   234  sys.o(i.sys_gpio_set)
    sys_nvic_set_vector_table                0x080011b5   Thumb Code    12  sys.o(i.sys_nvic_set_vector_table)
    sys_stm32_clock_init                     0x080011c5   Thumb Code   100  sys.o(i.sys_stm32_clock_init)
    Region$$Table$$Base                      0x08001234   Number         0  anon$$obj.o(Region$$Table)
    Region$$Table$$Limit                     0x08001254   Number         0  anon$$obj.o(Region$$Table)
    adcx                                     0x20000000   Data           2  main.o(.data)
    temp                                     0x20000004   Data           4  main.o(.data)
    key                                      0x20000008   Data           1  main.o(.data)
    Motor_Out                                0x20000009   Data           1  main.o(.data)
    Motor_DIR                                0x2000000a   Data           1  main.o(.data)
    Key_Pressed                              0x2000000b   Data           1  main.o(.data)
    CT_data                                  0x2000000c   Data           8  main.o(.data)
    c1                                       0x20000014   Data           4  main.o(.data)
    t1                                       0x20000018   Data           4  main.o(.data)
    c1_sum                                   0x2000001c   Data           4  main.o(.data)
    c1_sum_temp                              0x20000020   Data           4  main.o(.data)
    c1_sum_average                           0x20000024   Data           4  main.o(.data)
    c1_ath_counter                           0x20000028   Data           1  main.o(.data)
    flag                                     0x20000029   Data           1  main.o(.data)
    table                                    0x2000002a   Data          21  main.o(.data)
    Qian_Wei                                 0x2000003f   Data           1  main.o(.data)
    Bai_Wei                                  0x20000040   Data           1  main.o(.data)
    Shi_Wei                                  0x20000041   Data           1  main.o(.data)
    Ge_Wei                                   0x20000042   Data           1  main.o(.data)
    led0pwmval                               0x20000044   Data           2  main.o(.data)
    ATH_Couter                               0x20000048   Data           4  main.o(.data)
    HC595_couter                             0x2000004c   Data           2  main.o(.data)
    HC595_couter_num                         0x20000050   Data           4  main.o(.data)
    a                                        0x20000054   Data           2  main.o(.data)
    b                                        0x20000056   Data           2  main.o(.data)
    c                                        0x20000058   Data           2  main.o(.data)
    d                                        0x2000005a   Data           2  main.o(.data)
    e                                        0x2000005c   Data           2  main.o(.data)
    __stdout                                 0x20000064   Data           4  usart.o(.data)
    g_usart_rx_sta                           0x20000068   Data           2  usart.o(.data)
    g_usart_rx_buf                           0x2000006c   Data         200  usart.o(.bss)
    __initial_sp                             0x20000538   Data           0  startup_stm32f103xe.o(STACK)



==============================================================================

Memory Map of the image

  Image Entry point : 0x08000131

  Load Region LR_IROM1 (Base: 0x08000000, Size: 0x000012c0, Max: 0x00010000, ABSOLUTE)

    Execution Region ER_IROM1 (Exec base: 0x08000000, Load base: 0x08000000, Size: 0x00001254, Max: 0x00010000, ABSOLUTE)

    Exec Addr    Load Addr    Size         Type   Attr      Idx    E Section Name        Object

    0x08000000   0x08000000   0x00000130   Data   RO            3    RESET               startup_stm32f103xe.o
    0x08000130   0x08000130   0x00000000   Code   RO          980  * .ARM.Collect$$$$00000000  mc_w.l(entry.o)
    0x08000130   0x08000130   0x00000004   Code   RO         1256    .ARM.Collect$$$$00000001  mc_w.l(entry2.o)
    0x08000134   0x08000134   0x00000004   Code   RO         1259    .ARM.Collect$$$$00000004  mc_w.l(entry5.o)
    0x08000138   0x08000138   0x00000000   Code   RO         1261    .ARM.Collect$$$$00000008  mc_w.l(entry7b.o)
    0x08000138   0x08000138   0x00000000   Code   RO         1263    .ARM.Collect$$$$0000000A  mc_w.l(entry8b.o)
    0x08000138   0x08000138   0x00000008   Code   RO         1264    .ARM.Collect$$$$0000000B  mc_w.l(entry9a.o)
    0x08000140   0x08000140   0x00000000   Code   RO         1266    .ARM.Collect$$$$0000000D  mc_w.l(entry10a.o)
    0x08000140   0x08000140   0x00000000   Code   RO         1268    .ARM.Collect$$$$0000000F  mc_w.l(entry11a.o)
    0x08000140   0x08000140   0x00000004   Code   RO         1257    .ARM.Collect$$$$00002712  mc_w.l(entry2.o)
    0x08000144   0x08000144   0x0000001c   Code   RO            4    .text               startup_stm32f103xe.o
    0x08000160   0x08000160   0x000000e4   Code   RO         1244    .text               mf_w.l(dmul.o)
    0x08000244   0x08000244   0x0000000a   Code   RO         1246    .text               mf_w.l(ffltui.o)
    0x0800024e   0x0800024e   0x00000026   Code   RO         1252    .text               mf_w.l(f2d.o)
    0x08000274   0x08000274   0x00000038   Code   RO         1254    .text               mf_w.l(d2f.o)
    0x080002ac   0x080002ac   0x00000020   Code   RO         1274    .text               mc_w.l(llushr.o)
    0x080002cc   0x080002cc   0x00000000   Code   RO         1276    .text               mc_w.l(iusefp.o)
    0x080002cc   0x080002cc   0x0000006e   Code   RO         1277    .text               mf_w.l(fepilogue.o)
    0x0800033a   0x0800033a   0x000000ba   Code   RO         1279    .text               mf_w.l(depilogue.o)
    0x080003f4   0x080003f4   0x00000024   Code   RO         1289    .text               mc_w.l(init.o)
    0x08000418   0x08000418   0x0000001e   Code   RO         1291    .text               mc_w.l(llshl.o)
    0x08000436   0x08000436   0x00000002   PAD
    0x08000438   0x08000438   0x0000005c   Code   RO           13    i.ATH_humidity      main.o
    0x08000494   0x08000494   0x00000022   Code   RO          794    i.Delay_1us         aht10.o
    0x080004b6   0x080004b6   0x0000001c   Code   RO          795    i.Delay_3us         aht10.o
    0x080004d2   0x080004d2   0x00000018   Code   RO          796    i.Delay_N10us       aht10.o
    0x080004ea   0x080004ea   0x00000002   PAD
    0x080004ec   0x080004ec   0x000000b8   Code   RO          953    i.HC595_Display     hc595.o
    0x080005a4   0x080005a4   0x00000094   Code   RO          954    i.HC595_Init        hc595.o
    0x08000638   0x08000638   0x0000002c   Code   RO          797    i.I2C_Start         aht10.o
    0x08000664   0x08000664   0x00000050   Code   RO          798    i.Init_I2C_Sensor_Port  aht10.o
    0x080006b4   0x080006b4   0x000000aa   Code   RO          799    i.JH_Init           aht10.o
    0x0800075e   0x0800075e   0x000000d2   Code   RO          800    i.JH_Read_CTdata    aht10.o
    0x08000830   0x08000830   0x0000001a   Code   RO          801    i.JH_Read_Cal_Enable  aht10.o
    0x0800084a   0x0800084a   0x00000022   Code   RO          802    i.JH_Read_Status    aht10.o
    0x0800086c   0x0800086c   0x00000034   Code   RO          803    i.JH_SendAC         aht10.o
    0x080008a0   0x080008a0   0x00000020   Code   RO          804    i.JH_Send_BA        aht10.o
    0x080008c0   0x080008c0   0x000000d8   Code   RO           22    i.Motor_Init        main.o
    0x08000998   0x08000998   0x0000004c   Code   RO          805    i.Receive_ACK       aht10.o
    0x080009e4   0x080009e4   0x00000024   Code   RO          806    i.SCL_Pin_Output_High  aht10.o
    0x08000a08   0x08000a08   0x00000024   Code   RO          807    i.SCL_Pin_Output_Low  aht10.o
    0x08000a2c   0x08000a2c   0x00000028   Code   RO          808    i.SDA_Pin_IN_FLOATING  aht10.o
    0x08000a54   0x08000a54   0x00000028   Code   RO          809    i.SDA_Pin_Output_High  aht10.o
    0x08000a7c   0x08000a7c   0x00000028   Code   RO          810    i.SDA_Pin_Output_Low  aht10.o
    0x08000aa4   0x08000aa4   0x00000036   Code   RO          811    i.Send_ACK          aht10.o
    0x08000ada   0x08000ada   0x00000036   Code   RO          812    i.Send_NOT_ACK      aht10.o
    0x08000b10   0x08000b10   0x00000016   Code   RO          813    i.SensorDelay_us    aht10.o
    0x08000b26   0x08000b26   0x00000022   Code   RO          814    i.Stop_I2C          aht10.o
    0x08000b48   0x08000b48   0x00000084   Code   RO          386    i.USART1_IRQHandler  usart.o
    0x08000bcc   0x08000bcc   0x00000058   Code   RO          815    i.ZSSC_I2C_RD_Byte  aht10.o
    0x08000c24   0x08000c24   0x00000052   Code   RO          816    i.ZSSC_I2C_WR_Byte  aht10.o
    0x08000c76   0x08000c76   0x0000000e   Code   RO         1297    i.__scatterload_copy  mc_w.l(handlers.o)
    0x08000c84   0x08000c84   0x00000002   Code   RO         1298    i.__scatterload_null  mc_w.l(handlers.o)
    0x08000c86   0x08000c86   0x0000000e   Code   RO         1299    i.__scatterload_zeroinit  mc_w.l(handlers.o)
    0x08000c94   0x08000c94   0x00000148   Code   RO          724    i.adc_init          adc.o
    0x08000ddc   0x08000ddc   0x0000002c   Code   RO          232    i.delay_init        delay.o
    0x08000e08   0x08000e08   0x00000012   Code   RO          233    i.delay_ms          delay.o
    0x08000e1a   0x08000e1a   0x00000002   PAD
    0x08000e1c   0x08000e1c   0x00000048   Code   RO          234    i.delay_us          delay.o
    0x08000e64   0x08000e64   0x00000038   Code   RO          451    i.led_init          led.o
    0x08000e9c   0x08000e9c   0x00000158   Code   RO           24    i.main              main.o
    0x08000ff4   0x08000ff4   0x000000ac   Code   RO          270    i.sys_clock_set     sys.o
    0x080010a0   0x080010a0   0x00000010   Code   RO          271    i.sys_gpio_pin_get  sys.o
    0x080010b0   0x080010b0   0x00000018   Code   RO          272    i.sys_gpio_pin_set  sys.o
    0x080010c8   0x080010c8   0x000000ea   Code   RO          274    i.sys_gpio_set      sys.o
    0x080011b2   0x080011b2   0x00000002   PAD
    0x080011b4   0x080011b4   0x00000010   Code   RO          281    i.sys_nvic_set_vector_table  sys.o
    0x080011c4   0x080011c4   0x00000070   Code   RO          284    i.sys_stm32_clock_init  sys.o
    0x08001234   0x08001234   0x00000020   Data   RO         1295    Region$$Table       anon$$obj.o


    Execution Region RW_IRAM1 (Exec base: 0x20000000, Load base: 0x08001254, Size: 0x00000538, Max: 0x00005000, ABSOLUTE)

    Exec Addr    Load Addr    Size         Type   Attr      Idx    E Section Name        Object

    0x20000000   0x08001254   0x0000005e   Data   RW           25    .data               main.o
    0x2000005e   0x080012b2   0x00000002   PAD
    0x20000060   0x080012b4   0x00000004   Data   RW          235    .data               delay.o
    0x20000064   0x080012b8   0x00000006   Data   RW          393    .data               usart.o
    0x2000006a   0x080012be   0x00000002   PAD
    0x2000006c        -       0x000000c8   Zero   RW          392    .bss                usart.o
    0x20000134   0x080012be   0x00000004   PAD
    0x20000138        -       0x00000400   Zero   RW            1    STACK               startup_stm32f103xe.o


==============================================================================

Image component sizes


      Code (inc. data)   RO Data    RW Data    ZI Data      Debug   Object Name

       328         14          0          0          0        579   adc.o
      1336         40          0          0          0      13037   aht10.o
       134         10          0          4          0       1935   delay.o
       332         12          0          0          0       1249   hc595.o
        56          8          0          0          0        475   led.o
       652         86          0         94          0     398263   main.o
        28          4        304          0       1024        936   startup_stm32f103xe.o
       574         24          0          0          0       4252   sys.o
       132         14          0          6        200       2540   usart.o

    ----------------------------------------------------------------------
      3578        212        336        108       1228     423266   Object Totals
         0          0         32          0          0          0   (incl. Generated)
         6          0          0          4          4          0   (incl. Padding)

    ----------------------------------------------------------------------

      Code (inc. data)   RO Data    RW Data    ZI Data      Debug   Library Member Name

         0          0          0          0          0          0   entry.o
         0          0          0          0          0          0   entry10a.o
         0          0          0          0          0          0   entry11a.o
         8          4          0          0          0          0   entry2.o
         4          0          0          0          0          0   entry5.o
         0          0          0          0          0          0   entry7b.o
         0          0          0          0          0          0   entry8b.o
         8          4          0          0          0          0   entry9a.o
        30          0          0          0          0          0   handlers.o
        36          8          0          0          0         68   init.o
         0          0          0          0          0          0   iusefp.o
        30          0          0          0          0         68   llshl.o
        32          0          0          0          0         68   llushr.o
        56          0          0          0          0         88   d2f.o
       186          0          0          0          0        176   depilogue.o
       228          0          0          0          0         96   dmul.o
        38          0          0          0          0         68   f2d.o
       110          0          0          0          0        168   fepilogue.o
        10          0          0          0          0         68   ffltui.o

    ----------------------------------------------------------------------
       778         16          0          0          0        868   Library Totals
         2          0          0          0          0          0   (incl. Padding)

    ----------------------------------------------------------------------

      Code (inc. data)   RO Data    RW Data    ZI Data      Debug   Library Name

       148         16          0          0          0        204   mc_w.l
       628          0          0          0          0        664   mf_w.l

    ----------------------------------------------------------------------
       778         16          0          0          0        868   Library Totals

    ----------------------------------------------------------------------

==============================================================================


      Code (inc. data)   RO Data    RW Data    ZI Data      Debug   

      4356        228        336        108       1228     421946   Grand Totals
      4356        228        336        108       1228     421946   ELF Image Totals
      4356        228        336        108          0          0   ROM Totals

==============================================================================

    Total RO  Size (Code + RO Data)                 4692 (   4.58kB)
    Total RW  Size (RW Data + ZI Data)              1336 (   1.30kB)
    Total ROM Size (Code + RO Data + RW Data)       4800 (   4.69kB)

==============================================================================

